Archive member included to satisfy reference by file (symbol)

c:/st/stm32cubeide_1.11.2/stm32cubeide/plugins/com.st.stm32cube.ide.mcu.externaltools.gnu-tools-for-stm32.10.3-2021.10.win32_1.0.100.202210260954/tools/bin/../lib/gcc/arm-none-eabi/10.3.1/../../../../arm-none-eabi/lib/thumb/v7e-m+fp/hard\libstdc++_nano.a(pure.o)
                              ./Core/Src/mainpp.o (__cxa_pure_virtual)
c:/st/stm32cubeide_1.11.2/stm32cubeide/plugins/com.st.stm32cube.ide.mcu.externaltools.gnu-tools-for-stm32.10.3-2021.10.win32_1.0.100.202210260954/tools/bin/../lib/gcc/arm-none-eabi/10.3.1/../../../../arm-none-eabi/lib/thumb/v7e-m+fp/hard\libstdc++_nano.a(eh_terminate.o)
                              c:/st/stm32cubeide_1.11.2/stm32cubeide/plugins/com.st.stm32cube.ide.mcu.externaltools.gnu-tools-for-stm32.10.3-2021.10.win32_1.0.100.202210260954/tools/bin/../lib/gcc/arm-none-eabi/10.3.1/../../../../arm-none-eabi/lib/thumb/v7e-m+fp/hard\libstdc++_nano.a(pure.o) (std::terminate())
c:/st/stm32cubeide_1.11.2/stm32cubeide/plugins/com.st.stm32cube.ide.mcu.externaltools.gnu-tools-for-stm32.10.3-2021.10.win32_1.0.100.202210260954/tools/bin/../lib/gcc/arm-none-eabi/10.3.1/../../../../arm-none-eabi/lib/thumb/v7e-m+fp/hard\libstdc++_nano.a(eh_unex_handler.o)
                              c:/st/stm32cubeide_1.11.2/stm32cubeide/plugins/com.st.stm32cube.ide.mcu.externaltools.gnu-tools-for-stm32.10.3-2021.10.win32_1.0.100.202210260954/tools/bin/../lib/gcc/arm-none-eabi/10.3.1/../../../../arm-none-eabi/lib/thumb/v7e-m+fp/hard\libstdc++_nano.a(eh_terminate.o) (__cxxabiv1::__unexpected_handler)
c:/st/stm32cubeide_1.11.2/stm32cubeide/plugins/com.st.stm32cube.ide.mcu.externaltools.gnu-tools-for-stm32.10.3-2021.10.win32_1.0.100.202210260954/tools/bin/../lib/gcc/arm-none-eabi/10.3.1/../../../../arm-none-eabi/lib/thumb/v7e-m+fp/hard\libstdc++_nano.a(eh_term_handler.o)
                              c:/st/stm32cubeide_1.11.2/stm32cubeide/plugins/com.st.stm32cube.ide.mcu.externaltools.gnu-tools-for-stm32.10.3-2021.10.win32_1.0.100.202210260954/tools/bin/../lib/gcc/arm-none-eabi/10.3.1/../../../../arm-none-eabi/lib/thumb/v7e-m+fp/hard\libstdc++_nano.a(eh_terminate.o) (__cxxabiv1::__terminate_handler)
c:/st/stm32cubeide_1.11.2/stm32cubeide/plugins/com.st.stm32cube.ide.mcu.externaltools.gnu-tools-for-stm32.10.3-2021.10.win32_1.0.100.202210260954/tools/bin/../lib/gcc/arm-none-eabi/10.3.1/../../../../arm-none-eabi/lib/thumb/v7e-m+fp/hard\libc_nano.a(lib_a-abort.o)
                              c:/st/stm32cubeide_1.11.2/stm32cubeide/plugins/com.st.stm32cube.ide.mcu.externaltools.gnu-tools-for-stm32.10.3-2021.10.win32_1.0.100.202210260954/tools/bin/../lib/gcc/arm-none-eabi/10.3.1/../../../../arm-none-eabi/lib/thumb/v7e-m+fp/hard\libstdc++_nano.a(eh_terminate.o) (abort)
c:/st/stm32cubeide_1.11.2/stm32cubeide/plugins/com.st.stm32cube.ide.mcu.externaltools.gnu-tools-for-stm32.10.3-2021.10.win32_1.0.100.202210260954/tools/bin/../lib/gcc/arm-none-eabi/10.3.1/../../../../arm-none-eabi/lib/thumb/v7e-m+fp/hard\libc_nano.a(lib_a-errno.o)
                              ./Core/Src/syscalls.o (__errno)
c:/st/stm32cubeide_1.11.2/stm32cubeide/plugins/com.st.stm32cube.ide.mcu.externaltools.gnu-tools-for-stm32.10.3-2021.10.win32_1.0.100.202210260954/tools/bin/../lib/gcc/arm-none-eabi/10.3.1/../../../../arm-none-eabi/lib/thumb/v7e-m+fp/hard\libc_nano.a(lib_a-exit.o)
                              c:/st/stm32cubeide_1.11.2/stm32cubeide/plugins/com.st.stm32cube.ide.mcu.externaltools.gnu-tools-for-stm32.10.3-2021.10.win32_1.0.100.202210260954/tools/bin/../lib/gcc/arm-none-eabi/10.3.1/../../../../arm-none-eabi/lib/thumb/v7e-m+fp/hard/crt0.o (exit)
c:/st/stm32cubeide_1.11.2/stm32cubeide/plugins/com.st.stm32cube.ide.mcu.externaltools.gnu-tools-for-stm32.10.3-2021.10.win32_1.0.100.202210260954/tools/bin/../lib/gcc/arm-none-eabi/10.3.1/../../../../arm-none-eabi/lib/thumb/v7e-m+fp/hard\libc_nano.a(lib_a-impure.o)
                              c:/st/stm32cubeide_1.11.2/stm32cubeide/plugins/com.st.stm32cube.ide.mcu.externaltools.gnu-tools-for-stm32.10.3-2021.10.win32_1.0.100.202210260954/tools/bin/../lib/gcc/arm-none-eabi/10.3.1/../../../../arm-none-eabi/lib/thumb/v7e-m+fp/hard\libc_nano.a(lib_a-exit.o) (_global_impure_ptr)
c:/st/stm32cubeide_1.11.2/stm32cubeide/plugins/com.st.stm32cube.ide.mcu.externaltools.gnu-tools-for-stm32.10.3-2021.10.win32_1.0.100.202210260954/tools/bin/../lib/gcc/arm-none-eabi/10.3.1/../../../../arm-none-eabi/lib/thumb/v7e-m+fp/hard\libc_nano.a(lib_a-init.o)
                              c:/st/stm32cubeide_1.11.2/stm32cubeide/plugins/com.st.stm32cube.ide.mcu.externaltools.gnu-tools-for-stm32.10.3-2021.10.win32_1.0.100.202210260954/tools/bin/../lib/gcc/arm-none-eabi/10.3.1/../../../../arm-none-eabi/lib/thumb/v7e-m+fp/hard/crt0.o (__libc_init_array)
[...]
Memory Configuration

Name             Origin             Length             Attributes
CCMRAM           0x0000000010000000 0x0000000000010000 xrw
RAM              0x0000000020000000 0x0000000000020000 xrw
FLASH            0x0000000008000000 0x0000000000100000 xr
*default*        0x0000000000000000 0xffffffffffffffff

Linker script and memory map

LOAD c:/st/stm32cubeide_1.11.2/stm32cubeide/plugins/com.st.stm32cube.ide.mcu.externaltools.gnu-tools-for-stm32.10.3-2021.10.win32_1.0.100.202210260954/tools/bin/../lib/gcc/arm-none-eabi/10.3.1/thumb/v7e-m+fp/hard/crti.o
LOAD c:/st/stm32cubeide_1.11.2/stm32cubeide/plugins/com.st.stm32cube.ide.mcu.externaltools.gnu-tools-for-stm32.10.3-2021.10.win32_1.0.100.202210260954/tools/bin/../lib/gcc/arm-none-eabi/10.3.1/thumb/v7e-m+fp/hard/crtbegin.o
LOAD c:/st/stm32cubeide_1.11.2/stm32cubeide/plugins/com.st.stm32cube.ide.mcu.externaltools.gnu-tools-for-stm32.10.3-2021.10.win32_1.0.100.202210260954/tools/bin/../lib/gcc/arm-none-eabi/10.3.1/../../../../arm-none-eabi/lib/thumb/v7e-m+fp/hard/crt0.o
LOAD ./Core/Inc/ROS/duration.o
LOAD ./Core/Inc/ROS/time.o
LOAD ./Core/Src/main.o
LOAD ./Core/Src/mainpp.o
LOAD ./Core/Src/stm32f4xx_hal_msp.o
LOAD ./Core/Src/stm32f4xx_it.o
LOAD ./Core/Src/syscalls.o
LOAD ./Core/Src/sysmem.o
LOAD ./Core/Src/system_stm32f4xx.o
LOAD ./Core/Startup/startup_stm32f407vgtx.o
LOAD ./Drivers/STM32F4xx_HAL_Driver/Src/stm32f4xx_hal.o
LOAD ./Drivers/STM32F4xx_HAL_Driver/Src/stm32f4xx_hal_cortex.o
LOAD ./Drivers/STM32F4xx_HAL_Driver/Src/stm32f4xx_hal_dma.o
LOAD ./Drivers/STM32F4xx_HAL_Driver/Src/stm32f4xx_hal_dma_ex.o
LOAD ./Drivers/STM32F4xx_HAL_Driver/Src/stm32f4xx_hal_exti.o
LOAD ./Drivers/STM32F4xx_HAL_Driver/Src/stm32f4xx_hal_flash.o
LOAD ./Drivers/STM32F4xx_HAL_Driver/Src/stm32f4xx_hal_flash_ex.o
LOAD ./Drivers/STM32F4xx_HAL_Driver/Src/stm32f4xx_hal_flash_ramfunc.o
LOAD ./Drivers/STM32F4xx_HAL_Driver/Src/stm32f4xx_hal_gpio.o
LOAD ./Drivers/STM32F4xx_HAL_Driver/Src/stm32f4xx_hal_pwr.o
LOAD ./Drivers/STM32F4xx_HAL_Driver/Src/stm32f4xx_hal_pwr_ex.o
LOAD ./Drivers/STM32F4xx_HAL_Driver/Src/stm32f4xx_hal_rcc.o
LOAD ./Drivers/STM32F4xx_HAL_Driver/Src/stm32f4xx_hal_rcc_ex.o
LOAD ./Drivers/STM32F4xx_HAL_Driver/Src/stm32f4xx_hal_tim.o
LOAD ./Drivers/STM32F4xx_HAL_Driver/Src/stm32f4xx_hal_tim_ex.o
LOAD ./Drivers/STM32F4xx_HAL_Driver/Src/stm32f4xx_hal_uart.o
START GROUP
LOAD c:/st/stm32cubeide_1.11.2/stm32cubeide/plugins/com.st.stm32cube.ide.mcu.externaltools.gnu-tools-for-stm32.10.3-2021.10.win32_1.0.100.202210260954/tools/bin/../lib/gcc/arm-none-eabi/10.3.1/../../../../arm-none-eabi/lib/thumb/v7e-m+fp/hard\libstdc++_nano.a
LOAD c:/st/stm32cubeide_1.11.2/stm32cubeide/plugins/com.st.stm32cube.ide.mcu.externaltools.gnu-tools-for-stm32.10.3-2021.10.win32_1.0.100.202210260954/tools/bin/../lib/gcc/arm-none-eabi/10.3.1/../../../../arm-none-eabi/lib/thumb/v7e-m+fp/hard\libsupc++_nano.a
END GROUP
LOAD c:/st/stm32cubeide_1.11.2/stm32cubeide/plugins/com.st.stm32cube.ide.mcu.externaltools.gnu-tools-for-stm32.10.3-2021.10.win32_1.0.100.202210260954/tools/bin/../lib/gcc/arm-none-eabi/10.3.1/../../../../arm-none-eabi/lib/thumb/v7e-m+fp/hard\libstdc++_nano.a
LOAD c:/st/stm32cubeide_1.11.2/stm32cubeide/plugins/com.st.stm32cube.ide.mcu.externaltools.gnu-tools-for-stm32.10.3-2021.10.win32_1.0.100.202210260954/tools/bin/../lib/gcc/arm-none-eabi/10.3.1/../../../../arm-none-eabi/lib/thumb/v7e-m+fp/hard\libm.a
LOAD c:/st/stm32cubeide_1.11.2/stm32cubeide/plugins/com.st.stm32cube.ide.mcu.externaltools.gnu-tools-for-stm32.10.3-2021.10.win32_1.0.100.202210260954/tools/bin/../lib/gcc/arm-none-eabi/10.3.1/../../../../arm-none-eabi/lib/thumb/v7e-m+fp/hard\libc_nano.a
START GROUP
LOAD c:/st/stm32cubeide_1.11.2/stm32cubeide/plugins/com.st.stm32cube.ide.mcu.externaltools.gnu-tools-for-stm32.10.3-2021.10.win32_1.0.100.202210260954/tools/bin/../lib/gcc/arm-none-eabi/10.3.1/thumb/v7e-m+fp/hard\libgcc.a
LOAD c:/st/stm32cubeide_1.11.2/stm32cubeide/plugins/com.st.stm32cube.ide.mcu.externaltools.gnu-tools-for-stm32.10.3-2021.10.win32_1.0.100.202210260954/tools/bin/../lib/gcc/arm-none-eabi/10.3.1/../../../../arm-none-eabi/lib/thumb/v7e-m+fp/hard\libc_nano.a
END GROUP
START GROUP
LOAD c:/st/stm32cubeide_1.11.2/stm32cubeide/plugins/com.st.stm32cube.ide.mcu.externaltools.gnu-tools-for-stm32.10.3-2021.10.win32_1.0.100.202210260954/tools/bin/../lib/gcc/arm-none-eabi/10.3.1/thumb/v7e-m+fp/hard\libgcc.a
LOAD c:/st/stm32cubeide_1.11.2/stm32cubeide/plugins/com.st.stm32cube.ide.mcu.externaltools.gnu-tools-for-stm32.10.3-2021.10.win32_1.0.100.202210260954/tools/bin/../lib/gcc/arm-none-eabi/10.3.1/../../../../arm-none-eabi/lib/thumb/v7e-m+fp/hard\libc_nano.a
END GROUP
LOAD c:/st/stm32cubeide_1.11.2/stm32cubeide/plugins/com.st.stm32cube.ide.mcu.externaltools.gnu-tools-for-stm32.10.3-2021.10.win32_1.0.100.202210260954/tools/bin/../lib/gcc/arm-none-eabi/10.3.1/thumb/v7e-m+fp/hard/crtend.o
LOAD c:/st/stm32cubeide_1.11.2/stm32cubeide/plugins/com.st.stm32cube.ide.mcu.externaltools.gnu-tools-for-stm32.10.3-2021.10.win32_1.0.100.202210260954/tools/bin/../lib/gcc/arm-none-eabi/10.3.1/thumb/v7e-m+fp/hard/crtn.o
                0x0000000020020000                _estack = (ORIGIN (RAM) + LENGTH (RAM))
                0x0000000000000200                _Min_Heap_Size = 0x200
                0x0000000000000400                _Min_Stack_Size = 0x400

.isr_vector     0x0000000008000000      0x188
                0x0000000008000000                . = ALIGN (0x4)
 *(.isr_vector)
 .isr_vector    0x0000000008000000      0x188 ./Core/Startup/startup_stm32f407vgtx.o
                0x0000000008000000                g_pfnVectors
                0x0000000008000188                . = ALIGN (0x4)

.text           0x0000000008000188     0x8d34
                0x0000000008000188                . = ALIGN (0x4)
 *(.text)
 .text          0x0000000008000188       0x40 c:/st/stm32cubeide_1.11.2/stm32cubeide/plugins/com.st.stm32cube.ide.mcu.externaltools.gnu-tools-for-stm32.10.3-2021.10.win32_1.0.100.202210260954/tools/bin/../lib/gcc/arm-none-eabi/10.3.1/thumb/v7e-m+fp/hard/crtbegin.o
 .text          0x00000000080001c8       0x10 c:/st/stm32cubeide_1.11.2/stm32cubeide/plugins/com.st.stm32cube.ide.mcu.externaltools.gnu-tools-for-stm32.10.3-2021.10.win32_1.0.100.202210260954/tools/bin/../lib/gcc/arm-none-eabi/10.3.1/../../../../arm-none-eabi/lib/thumb/v7e-m+fp/hard\libc_nano.a(lib_a-strlen.o)
                0x00000000080001c8                strlen
 .text          0x00000000080001d8      0x378 c:/st/stm32cubeide_1.11.2/stm32cubeide/plugins/com.st.stm32cube.ide.mcu.externaltools.gnu-tools-for-stm32.10.3-2021.10.win32_1.0.100.202210260954/tools/bin/../lib/gcc/arm-none-eabi/10.3.1/thumb/v7e-m+fp/hard\libgcc.a(_arm_addsubdf3.o)
                0x00000000080001d8                __aeabi_drsub
                0x00000000080001e0                __aeabi_dsub
                0x00000000080001e0                __subdf3
                0x00000000080001e4                __aeabi_dadd
                0x00000000080001e4                __adddf3
                0x000000000800045c                __floatunsidf
                0x000000000800045c                __aeabi_ui2d
                0x000000000800047c                __floatsidf
                0x000000000800047c                __aeabi_i2d
                0x00000000080004a0                __aeabi_f2d
                0x00000000080004a0                __extendsfdf2
                0x00000000080004e4                __floatundidf
                0x00000000080004e4                __aeabi_ul2d
                0x00000000080004f4                __floatdidf
                0x00000000080004f4                __aeabi_l2d
 .text          0x0000000008000550      0x424 c:/st/stm32cubeide_1.11.2/stm32cubeide/plugins/com.st.stm32cube.ide.mcu.externaltools.gnu-tools-for-stm32.10.3-2021.10.win32_1.0.100.202210260954/tools/bin/../lib/gcc/arm-none-eabi/10.3.1/thumb/v7e-m+fp/hard\libgcc.a(_arm_muldivdf3.o)
                0x0000000008000550                __aeabi_dmul
                0x0000000008000550                __muldf3
                0x00000000080007a4                __divdf3
                0x00000000080007a4                __aeabi_ddiv
 .text          0x0000000008000974      0x110 c:/st/stm32cubeide_1.11.2/stm32cubeide/plugins/com.st.stm32cube.ide.mcu.externaltools.gnu-tools-for-stm32.10.3-2021.10.win32_1.0.100.202210260954/tools/bin/../lib/gcc/arm-none-eabi/10.3.1/thumb/v7e-m+fp/hard\libgcc.a(_arm_cmpdf2.o)
                0x0000000008000974                __gtdf2
                0x0000000008000974                __gedf2
                0x000000000800097c                __ltdf2
                0x000000000800097c                __ledf2
                0x0000000008000984                __nedf2
                0x0000000008000984                __eqdf2
                0x0000000008000984                __cmpdf2
                0x0000000008000a00                __aeabi_cdrcmple
                0x0000000008000a10                __aeabi_cdcmpeq
                0x0000000008000a10                __aeabi_cdcmple
                0x0000000008000a20                __aeabi_dcmpeq
                0x0000000008000a34                __aeabi_dcmplt
                0x0000000008000a48                __aeabi_dcmple
                0x0000000008000a5c                __aeabi_dcmpge
                0x0000000008000a70                __aeabi_dcmpgt
 .text          0x0000000008000a84       0x40 c:/st/stm32cubeide_1.11.2/stm32cubeide/plugins/com.st.stm32cube.ide.mcu.externaltools.gnu-tools-for-stm32.10.3-2021.10.win32_1.0.100.202210260954/tools/bin/../lib/gcc/arm-none-eabi/10.3.1/thumb/v7e-m+fp/hard\libgcc.a(_arm_fixunsdfsi.o)
                0x0000000008000a84                __aeabi_d2uiz
                0x0000000008000a84                __fixunsdfsi
 .text          0x0000000008000ac4       0x30 c:/st/stm32cubeide_1.11.2/stm32cubeide/plugins/com.st.stm32cube.ide.mcu.externaltools.gnu-tools-for-stm32.10.3-2021.10.win32_1.0.100.202210260954/tools/bin/../lib/gcc/arm-none-eabi/10.3.1/thumb/v7e-m+fp/hard\libgcc.a(_aeabi_uldivmod.o)
                0x0000000008000ac4                __aeabi_uldivmod
 .text          0x0000000008000af4      0x2d0 c:/st/stm32cubeide_1.11.2/stm32cubeide/plugins/com.st.stm32cube.ide.mcu.externaltools.gnu-tools-for-stm32.10.3-2021.10.win32_1.0.100.202210260954/tools/bin/../lib/gcc/arm-none-eabi/10.3.1/thumb/v7e-m+fp/hard\libgcc.a(_udivmoddi4.o)
                0x0000000008000af4                __udivmoddi4
 .text          0x0000000008000dc4        0x4 c:/st/stm32cubeide_1.11.2/stm32cubeide/plugins/com.st.stm32cube.ide.mcu.externaltools.gnu-tools-for-stm32.10.3-2021.10.win32_1.0.100.202210260954/tools/bin/../lib/gcc/arm-none-eabi/10.3.1/thumb/v7e-m+fp/hard\libgcc.a(_dvmd_tls.o)
                0x0000000008000dc4                __aeabi_idiv0
                0x0000000008000dc4                __aeabi_ldiv0
 *(.text*)
 .text._ZN3ros16normalizeSecNSecERmS0_
                0x0000000008000dc8       0x58 ./Core/Inc/ROS/time.o
                0x0000000008000dc8                ros::normalizeSecNSec(unsigned long&, unsigned long&)
 .text.main     0x0000000008000e20       0x2e ./Core/Src/main.o
                0x0000000008000e20                main
 *fill*         0x0000000008000e4e        0x2 
 .text._Z18SystemClock_Configv
                0x0000000008000e50       0xe8 ./Core/Src/main.o
                0x0000000008000e50                SystemClock_Config()
 .text._ZL12MX_TIM1_Initv
                0x0000000008000f38       0xc4 ./Core/Src/main.o
 .text._ZL12MX_TIM2_Initv
                0x0000000008000ffc       0xec ./Core/Src/main.o
 .text._ZL12MX_TIM3_Initv
                0x00000000080010e8       0xbc ./Core/Src/main.o
 .text._ZL19MX_USART2_UART_Initv
                0x00000000080011a4       0x5c ./Core/Src/main.o
 .text._ZL11MX_DMA_Initv
                0x0000000008001200       0x50 ./Core/Src/main.o
 .text._ZL12MX_GPIO_Initv
                0x0000000008001250       0xc0 ./Core/Src/main.o
 .text.Error_Handler
                0x0000000008001310        0xa ./Core/Src/main.o
                0x0000000008001310                Error_Handler
 .text._ZN3ros4TimeC2Ev
                0x000000000800131a       0x22 ./Core/Src/mainpp.o
                0x000000000800131a                ros::Time::Time()
                0x000000000800131a                ros::Time::Time()
 .text._ZN3ros3MsgC2Ev
                0x000000000800133c       0x20 ./Core/Src/mainpp.o
                0x000000000800133c                ros::Msg::Msg()
                0x000000000800133c                ros::Msg::Msg()
 .text._ZN8std_msgs4TimeC2Ev
                0x000000000800135c       0x30 ./Core/Src/mainpp.o
                0x000000000800135c                std_msgs::Time::Time()
                0x000000000800135c                std_msgs::Time::Time()
 .text._ZNK8std_msgs4Time9serializeEPh
                0x000000000800138c       0xb0 ./Core/Src/mainpp.o
                0x000000000800138c                std_msgs::Time::serialize(unsigned char*) const
 .text._ZN8std_msgs4Time11deserializeEPh
                0x000000000800143c       0xc8 ./Core/Src/mainpp.o
                0x000000000800143c                std_msgs::Time::deserialize(unsigned char*)
 .text._ZN8std_msgs4Time7getTypeEv
                0x0000000008001504       0x1c ./Core/Src/mainpp.o
                0x0000000008001504                std_msgs::Time::getType()
 .text._ZN8std_msgs4Time6getMD5Ev
                0x0000000008001520       0x1c ./Core/Src/mainpp.o
                0x0000000008001520                std_msgs::Time::getMD5()
 .text._ZN14rosserial_msgs9TopicInfoC2Ev
                0x000000000800153c       0x48 ./Core/Src/mainpp.o
                0x000000000800153c                rosserial_msgs::TopicInfo::TopicInfo()
                0x000000000800153c                rosserial_msgs::TopicInfo::TopicInfo()
 .text._ZNK14rosserial_msgs9TopicInfo9serializeEPh
                0x0000000008001584      0x136 ./Core/Src/mainpp.o
                0x0000000008001584                rosserial_msgs::TopicInfo::serialize(unsigned char*) const
 .text._ZN14rosserial_msgs9TopicInfo11deserializeEPh
                0x00000000080016ba      0x1d0 ./Core/Src/mainpp.o
                0x00000000080016ba                rosserial_msgs::TopicInfo::deserialize(unsigned char*)
 *fill*         0x000000000800188a        0x2 
 .text._ZN14rosserial_msgs9TopicInfo7getTypeEv
                0x000000000800188c       0x1c ./Core/Src/mainpp.o
                0x000000000800188c                rosserial_msgs::TopicInfo::getType()
 .text._ZN14rosserial_msgs9TopicInfo6getMD5Ev
                0x00000000080018a8       0x1c ./Core/Src/mainpp.o
                0x00000000080018a8                rosserial_msgs::TopicInfo::getMD5()
 .text._ZN14rosserial_msgs3LogC2Ev
                0x00000000080018c4       0x34 ./Core/Src/mainpp.o
                0x00000000080018c4                rosserial_msgs::Log::Log()
                0x00000000080018c4                rosserial_msgs::Log::Log()
 .text._ZNK14rosserial_msgs3Log9serializeEPh
                0x00000000080018f8       0x64 ./Core/Src/mainpp.o
                0x00000000080018f8                rosserial_msgs::Log::serialize(unsigned char*) const
 .text._ZN14rosserial_msgs3Log11deserializeEPh
                0x000000000800195c       0x90 ./Core/Src/mainpp.o
                0x000000000800195c                rosserial_msgs::Log::deserialize(unsigned char*)
 .text._ZN14rosserial_msgs3Log7getTypeEv
                0x00000000080019ec       0x1c ./Core/Src/mainpp.o
                0x00000000080019ec                rosserial_msgs::Log::getType()
 .text._ZN14rosserial_msgs3Log6getMD5Ev
                0x0000000008001a08       0x1c ./Core/Src/mainpp.o
                0x0000000008001a08                rosserial_msgs::Log::getMD5()
 .text._ZN14rosserial_msgs20RequestParamResponseC2Ev
                0x0000000008001a24       0x5c ./Core/Src/mainpp.o
                0x0000000008001a24                rosserial_msgs::RequestParamResponse::RequestParamResponse()
                0x0000000008001a24                rosserial_msgs::RequestParamResponse::RequestParamResponse()
 .text._ZNK14rosserial_msgs20RequestParamResponse9serializeEPh
                0x0000000008001a80      0x222 ./Core/Src/mainpp.o
                0x0000000008001a80                rosserial_msgs::RequestParamResponse::serialize(unsigned char*) const
 .text._ZN14rosserial_msgs20RequestParamResponse11deserializeEPh
                0x0000000008001ca2      0x2e2 ./Core/Src/mainpp.o
                0x0000000008001ca2                rosserial_msgs::RequestParamResponse::deserialize(unsigned char*)
 .text._ZN14rosserial_msgs20RequestParamResponse7getTypeEv
                0x0000000008001f84       0x1c ./Core/Src/mainpp.o
                0x0000000008001f84                rosserial_msgs::RequestParamResponse::getType()
 .text._ZN14rosserial_msgs20RequestParamResponse6getMD5Ev
                0x0000000008001fa0       0x1c ./Core/Src/mainpp.o
                0x0000000008001fa0                rosserial_msgs::RequestParamResponse::getMD5()
 .text._ZN3ros9PublisherC2EPKcPNS_3MsgEi
                0x0000000008001fbc       0x2e ./Core/Src/mainpp.o
                0x0000000008001fbc                ros::Publisher::Publisher(char const*, ros::Msg*, int)
                0x0000000008001fbc                ros::Publisher::Publisher(char const*, ros::Msg*, int)
 .text._ZN3ros9Publisher7publishEPKNS_3MsgE
                0x0000000008001fea       0x28 ./Core/Src/mainpp.o
                0x0000000008001fea                ros::Publisher::publish(ros::Msg const*)
 .text._ZN3ros9Publisher15getEndpointTypeEv
                0x0000000008002012       0x18 ./Core/Src/mainpp.o
                0x0000000008002012                ros::Publisher::getEndpointType()
 .text._ZN13STM32Hardware10getRdmaIndEv
                0x000000000800202a       0x26 ./Core/Src/mainpp.o
                0x000000000800202a                STM32Hardware::getRdmaInd()
 .text._ZN13STM32HardwareC2Ev
                0x0000000008002050       0x38 ./Core/Src/mainpp.o
                0x0000000008002050                STM32Hardware::STM32Hardware()
                0x0000000008002050                STM32Hardware::STM32Hardware()
 .text._ZN13STM32Hardware4initEv
                0x0000000008002088       0x16 ./Core/Src/mainpp.o
                0x0000000008002088                STM32Hardware::init()
 .text._ZN13STM32Hardware10reset_rbufEv
                0x000000000800209e       0x22 ./Core/Src/mainpp.o
                0x000000000800209e                STM32Hardware::reset_rbuf()
 .text._ZN13STM32Hardware4readEv
                0x00000000080020c0       0x5a ./Core/Src/mainpp.o
                0x00000000080020c0                STM32Hardware::read()
 *fill*         0x000000000800211a        0x2 
 .text._ZN13STM32Hardware5flushEv
                0x000000000800211c       0xbc ./Core/Src/mainpp.o
                0x000000000800211c                STM32Hardware::flush()
 .text._ZN13STM32Hardware5writeEPhi
                0x00000000080021d8       0x8c ./Core/Src/mainpp.o
                0x00000000080021d8                STM32Hardware::write(unsigned char*, int)
 .text._ZN13STM32Hardware4timeEv
                0x0000000008002264       0x16 ./Core/Src/mainpp.o
                0x0000000008002264                STM32Hardware::time()
 *fill*         0x000000000800227a        0x2 
 .text._ZN8std_msgs7Float64C2Ev
                0x000000000800227c       0x34 ./Core/Src/mainpp.o
                0x000000000800227c                std_msgs::Float64::Float64()
                0x000000000800227c                std_msgs::Float64::Float64()
 .text._ZNK8std_msgs7Float649serializeEPh
                0x00000000080022b0      0x10a ./Core/Src/mainpp.o
                0x00000000080022b0                std_msgs::Float64::serialize(unsigned char*) const
 .text._ZN8std_msgs7Float6411deserializeEPh
                0x00000000080023ba      0x206 ./Core/Src/mainpp.o
                0x00000000080023ba                std_msgs::Float64::deserialize(unsigned char*)
 .text._ZN8std_msgs7Float647getTypeEv
                0x00000000080025c0       0x1c ./Core/Src/mainpp.o
                0x00000000080025c0                std_msgs::Float64::getType()
 .text._ZN8std_msgs7Float646getMD5Ev
                0x00000000080025dc       0x1c ./Core/Src/mainpp.o
                0x00000000080025dc                std_msgs::Float64::getMD5()
 .text._ZN13geometry_msgs7Vector3C2Ev
                0x00000000080025f8       0x50 ./Core/Src/mainpp.o
                0x00000000080025f8                geometry_msgs::Vector3::Vector3()
                0x00000000080025f8                geometry_msgs::Vector3::Vector3()
 .text._ZNK13geometry_msgs7Vector39serializeEPh
                0x0000000008002648      0x2e6 ./Core/Src/mainpp.o
                0x0000000008002648                geometry_msgs::Vector3::serialize(unsigned char*) const
 .text._ZN13geometry_msgs7Vector311deserializeEPh
                0x000000000800292e      0x6be ./Core/Src/mainpp.o
                0x000000000800292e                geometry_msgs::Vector3::deserialize(unsigned char*)
 .text._ZN13geometry_msgs7Vector37getTypeEv
                0x0000000008002fec       0x1c ./Core/Src/mainpp.o
                0x0000000008002fec                geometry_msgs::Vector3::getType()
 .text._ZN13geometry_msgs7Vector36getMD5Ev
                0x0000000008003008       0x1c ./Core/Src/mainpp.o
                0x0000000008003008                geometry_msgs::Vector3::getMD5()
 .text._ZN13geometry_msgs5TwistC2Ev
                0x0000000008003024       0x38 ./Core/Src/mainpp.o
                0x0000000008003024                geometry_msgs::Twist::Twist()
                0x0000000008003024                geometry_msgs::Twist::Twist()
 .text._ZNK13geometry_msgs5Twist9serializeEPh
                0x000000000800305c       0x4c ./Core/Src/mainpp.o
                0x000000000800305c                geometry_msgs::Twist::serialize(unsigned char*) const
 .text._ZN13geometry_msgs5Twist11deserializeEPh
                0x00000000080030a8       0x4c ./Core/Src/mainpp.o
                0x00000000080030a8                geometry_msgs::Twist::deserialize(unsigned char*)
 .text._ZN13geometry_msgs5Twist7getTypeEv
                0x00000000080030f4       0x1c ./Core/Src/mainpp.o
                0x00000000080030f4                geometry_msgs::Twist::getType()
 .text._ZN13geometry_msgs5Twist6getMD5Ev
                0x0000000008003110       0x1c ./Core/Src/mainpp.o
                0x0000000008003110                geometry_msgs::Twist::getMD5()
 .text._ZN3ros15NodeHandleBase_C2Ev
                0x000000000800312c       0x20 ./Core/Src/mainpp.o
                0x000000000800312c                ros::NodeHandleBase_::NodeHandleBase_()
                0x000000000800312c                ros::NodeHandleBase_::NodeHandleBase_()
 .text._ZN3ros11NodeHandle_I13STM32HardwareLi25ELi25ELi512ELi512EEC2Ev
                0x000000000800314c       0xf0 ./Core/Src/mainpp.o
                0x000000000800314c                ros::NodeHandle_<STM32Hardware, 25, 25, 512, 512>::NodeHandle_()
                0x000000000800314c                ros::NodeHandle_<STM32Hardware, 25, 25, 512, 512>::NodeHandle_()
 *fill*         0x000000000800323c        0x4 
 .text._Z10rpm_to_mpsdd
                0x0000000008003240       0x74 ./Core/Src/mainpp.o
                0x0000000008003240                rpm_to_mps(double, double)
 *fill*         0x00000000080032b4        0x4 
 .text._Z10mps_to_rpmdd
                0x00000000080032b8       0x64 ./Core/Src/mainpp.o
                0x00000000080032b8                mps_to_rpm(double, double)
 *fill*         0x000000000800331c        0x4 
 .text._Z4_runv
                0x0000000008003320      0xcfc ./Core/Src/mainpp.o
                0x0000000008003320                _run()
 *fill*         0x000000000800401c        0x4 
 .text._Z12_get_cmd_velRKN13geometry_msgs5TwistE
                0x0000000008004020       0xf8 ./Core/Src/mainpp.o
                0x0000000008004020                _get_cmd_vel(geometry_msgs::Twist const&)
 .text._Z10ex_cmd_velv
                0x0000000008004118       0x7c ./Core/Src/mainpp.o
                0x0000000008004118                ex_cmd_vel()
 .text.HAL_UART_TxCpltCallback
                0x0000000008004194       0x30 ./Core/Src/mainpp.o
                0x0000000008004194                HAL_UART_TxCpltCallback
 .text.HAL_UART_RxCpltCallback
                0x00000000080041c4       0x30 ./Core/Src/mainpp.o
                0x00000000080041c4                HAL_UART_RxCpltCallback
 .text.setup    0x00000000080041f4       0x58 ./Core/Src/mainpp.o
                0x00000000080041f4                setup
 .text.loop     0x000000000800424c       0x30 ./Core/Src/mainpp.o
                0x000000000800424c                loop
 .text._ZN3ros3Msg8varToArrIPhmEEvT_T0_
                0x000000000800427c       0x3c ./Core/Src/mainpp.o
                0x000000000800427c                void ros::Msg::varToArr<unsigned char*, unsigned long>(unsigned char*, unsigned long)
 .text._ZN3ros3Msg8arrToVarImPhEEvRT_T0_
                0x00000000080042b8       0x4a ./Core/Src/mainpp.o
                0x00000000080042b8                void ros::Msg::arrToVar<unsigned long, unsigned char*>(unsigned long&, unsigned char*)
 *fill*         0x0000000008004302        0x2 
 .text._ZN3ros11Subscriber_C2Ev
                0x0000000008004304       0x20 ./Core/Src/mainpp.o
                0x0000000008004304                ros::Subscriber_::Subscriber_()
                0x0000000008004304                ros::Subscriber_::Subscriber_()
 .text._ZN3ros10SubscriberIN13geometry_msgs5TwistEvEC2EPKcPFvRKS2_Ei
                0x0000000008004324       0x48 ./Core/Src/mainpp.o
                0x0000000008004324                ros::Subscriber<geometry_msgs::Twist, void>::Subscriber(char const*, void (*)(geometry_msgs::Twist const&), int)
                0x0000000008004324                ros::Subscriber<geometry_msgs::Twist, void>::Subscriber(char const*, void (*)(geometry_msgs::Twist const&), int)
 .text._ZN3ros11NodeHandle_I13STM32HardwareLi25ELi25ELi512ELi512EE11getHardwareEv
                0x000000000800436c       0x18 ./Core/Src/mainpp.o
                0x000000000800436c                ros::NodeHandle_<STM32Hardware, 25, 25, 512, 512>::getHardware()
 .text._ZN3ros11NodeHandle_I13STM32HardwareLi25ELi25ELi512ELi512EE8initNodeEv
                0x0000000008004384       0x3a ./Core/Src/mainpp.o
                0x0000000008004384                ros::NodeHandle_<STM32Hardware, 25, 25, 512, 512>::initNode()
 .text._ZN3ros11NodeHandle_I13STM32HardwareLi25ELi25ELi512ELi512EE9subscribeERNS_11Subscriber_E
                0x00000000080043be       0x56 ./Core/Src/mainpp.o
                0x00000000080043be                ros::NodeHandle_<STM32Hardware, 25, 25, 512, 512>::subscribe(ros::Subscriber_&)
 .text._ZN3ros11NodeHandle_I13STM32HardwareLi25ELi25ELi512ELi512EE9advertiseERNS_9PublisherE
                0x0000000008004414       0x60 ./Core/Src/mainpp.o
                0x0000000008004414                ros::NodeHandle_<STM32Hardware, 25, 25, 512, 512>::advertise(ros::Publisher&)
 .text._ZN3ros11NodeHandle_I13STM32HardwareLi25ELi25ELi512ELi512EE8spinOnceEv
                0x0000000008004474      0x3b2 ./Core/Src/mainpp.o
                0x0000000008004474                ros::NodeHandle_<STM32Hardware, 25, 25, 512, 512>::spinOnce()
 .text._ZN3ros11NodeHandle_I13STM32HardwareLi25ELi25ELi512ELi512EE15requestSyncTimeEv
                0x0000000008004826       0x3c ./Core/Src/mainpp.o
                0x0000000008004826                ros::NodeHandle_<STM32Hardware, 25, 25, 512, 512>::requestSyncTime()
 .text._ZN3ros11NodeHandle_I13STM32HardwareLi25ELi25ELi512ELi512EE15negotiateTopicsEv
                0x0000000008004862      0x1be ./Core/Src/mainpp.o
                0x0000000008004862                ros::NodeHandle_<STM32Hardware, 25, 25, 512, 512>::negotiateTopics()
 .text._ZN3ros11NodeHandle_I13STM32HardwareLi25ELi25ELi512ELi512EE8syncTimeEPh
                0x0000000008004a20       0x98 ./Core/Src/mainpp.o
                0x0000000008004a20                ros::NodeHandle_<STM32Hardware, 25, 25, 512, 512>::syncTime(unsigned char*)
 .text._ZN3ros11NodeHandle_I13STM32HardwareLi25ELi25ELi512ELi512EE7publishEiPKNS_3MsgE
                0x0000000008004ab8      0x128 ./Core/Src/mainpp.o
                0x0000000008004ab8                ros::NodeHandle_<STM32Hardware, 25, 25, 512, 512>::publish(int, ros::Msg const*)
 .text._ZN3ros11NodeHandle_I13STM32HardwareLi25ELi25ELi512ELi512EE6setNowERKNS_4TimeE
                0x0000000008004be0       0x80 ./Core/Src/mainpp.o
                0x0000000008004be0                ros::NodeHandle_<STM32Hardware, 25, 25, 512, 512>::setNow(ros::Time const&)
 .text._ZN3ros11NodeHandle_I13STM32HardwareLi25ELi25ELi512ELi512EE8logerrorEPKc
                0x0000000008004c60       0x1c ./Core/Src/mainpp.o
                0x0000000008004c60                ros::NodeHandle_<STM32Hardware, 25, 25, 512, 512>::logerror(char const*)
 .text._ZN3ros11NodeHandle_I13STM32HardwareLi25ELi25ELi512ELi512EE3logEcPKc
                0x0000000008004c7c       0x38 ./Core/Src/mainpp.o
                0x0000000008004c7c                ros::NodeHandle_<STM32Hardware, 25, 25, 512, 512>::log(char, char const*)
 .text._Z41__static_initialization_and_destruction_0ii
                0x0000000008004cb4       0xc8 ./Core/Src/mainpp.o
 .text._ZN3ros10SubscriberIN13geometry_msgs5TwistEvE8callbackEPh
                0x0000000008004d7c       0x2a ./Core/Src/mainpp.o
                0x0000000008004d7c                ros::Subscriber<geometry_msgs::Twist, void>::callback(unsigned char*)
 .text._ZN3ros10SubscriberIN13geometry_msgs5TwistEvE15getEndpointTypeEv
                0x0000000008004da6       0x18 ./Core/Src/mainpp.o
                0x0000000008004da6                ros::Subscriber<geometry_msgs::Twist, void>::getEndpointType()
 .text._ZN3ros10SubscriberIN13geometry_msgs5TwistEvE10getMsgTypeEv
                0x0000000008004dbe       0x1c ./Core/Src/mainpp.o
                0x0000000008004dbe                ros::Subscriber<geometry_msgs::Twist, void>::getMsgType()
 .text._ZN3ros10SubscriberIN13geometry_msgs5TwistEvE9getMsgMD5Ev
                0x0000000008004dda       0x1c ./Core/Src/mainpp.o
                0x0000000008004dda                ros::Subscriber<geometry_msgs::Twist, void>::getMsgMD5()
 .text._ZN3ros11NodeHandle_I13STM32HardwareLi25ELi25ELi512ELi512EE9connectedEv
                0x0000000008004df6       0x1a ./Core/Src/mainpp.o
                0x0000000008004df6                ros::NodeHandle_<STM32Hardware, 25, 25, 512, 512>::connected()
 .text._GLOBAL__sub_I_nh
                0x0000000008004e10       0x10 ./Core/Src/mainpp.o
 .text.HAL_MspInit
                0x0000000008004e20       0x50 ./Core/Src/stm32f4xx_hal_msp.o
                0x0000000008004e20                HAL_MspInit
 .text.HAL_TIM_Encoder_MspInit
                0x0000000008004e70       0xfc ./Core/Src/stm32f4xx_hal_msp.o
                0x0000000008004e70                HAL_TIM_Encoder_MspInit
 .text.HAL_TIM_PWM_MspInit
                0x0000000008004f6c       0x40 ./Core/Src/stm32f4xx_hal_msp.o
                0x0000000008004f6c                HAL_TIM_PWM_MspInit
 .text.HAL_TIM_MspPostInit
                0x0000000008004fac       0x70 ./Core/Src/stm32f4xx_hal_msp.o
                0x0000000008004fac                HAL_TIM_MspPostInit
 .text.HAL_UART_MspInit
                0x000000000800501c      0x16c ./Core/Src/stm32f4xx_hal_msp.o
                0x000000000800501c                HAL_UART_MspInit
 .text.NMI_Handler
                0x0000000008005188        0x6 ./Core/Src/stm32f4xx_it.o
                0x0000000008005188                NMI_Handler
 .text.HardFault_Handler
                0x000000000800518e        0x6 ./Core/Src/stm32f4xx_it.o
                0x000000000800518e                HardFault_Handler
 .text.MemManage_Handler
                0x0000000008005194        0x6 ./Core/Src/stm32f4xx_it.o
                0x0000000008005194                MemManage_Handler
 .text.BusFault_Handler
                0x000000000800519a        0x6 ./Core/Src/stm32f4xx_it.o
                0x000000000800519a                BusFault_Handler
 .text.UsageFault_Handler
                0x00000000080051a0        0x6 ./Core/Src/stm32f4xx_it.o
                0x00000000080051a0                UsageFault_Handler
 .text.SVC_Handler
                0x00000000080051a6        0xe ./Core/Src/stm32f4xx_it.o
                0x00000000080051a6                SVC_Handler
 .text.DebugMon_Handler
                0x00000000080051b4        0xe ./Core/Src/stm32f4xx_it.o
                0x00000000080051b4                DebugMon_Handler
 .text.PendSV_Handler
                0x00000000080051c2        0xe ./Core/Src/stm32f4xx_it.o
                0x00000000080051c2                PendSV_Handler
 .text.SysTick_Handler
                0x00000000080051d0        0xc ./Core/Src/stm32f4xx_it.o
                0x00000000080051d0                SysTick_Handler
 .text.DMA1_Stream5_IRQHandler
                0x00000000080051dc       0x14 ./Core/Src/stm32f4xx_it.o
                0x00000000080051dc                DMA1_Stream5_IRQHandler
 .text.DMA1_Stream6_IRQHandler
                0x00000000080051f0       0x14 ./Core/Src/stm32f4xx_it.o
                0x00000000080051f0                DMA1_Stream6_IRQHandler
 .text.USART2_IRQHandler
                0x0000000008005204       0x14 ./Core/Src/stm32f4xx_it.o
                0x0000000008005204                USART2_IRQHandler
 .text._getpid  0x0000000008005218       0x10 ./Core/Src/syscalls.o
                0x0000000008005218                _getpid
 .text._kill    0x0000000008005228       0x20 ./Core/Src/syscalls.o
                0x0000000008005228                _kill
 .text._exit    0x0000000008005248       0x14 ./Core/Src/syscalls.o
                0x0000000008005248                _exit
 .text._sbrk    0x000000000800525c       0x6c ./Core/Src/sysmem.o
                0x000000000800525c                _sbrk
 .text.SystemInit
                0x00000000080052c8       0x24 ./Core/Src/system_stm32f4xx.o
                0x00000000080052c8                SystemInit
 .text.Reset_Handler
                0x00000000080052ec       0x50 ./Core/Startup/startup_stm32f407vgtx.o
                0x00000000080052ec                Reset_Handler
 .text.Default_Handler
                0x000000000800533c        0x2 ./Core/Startup/startup_stm32f407vgtx.o
                0x000000000800533c                RTC_Alarm_IRQHandler
                0x000000000800533c                HASH_RNG_IRQHandler
                0x000000000800533c                EXTI2_IRQHandler
                0x000000000800533c                TIM8_CC_IRQHandler
                0x000000000800533c                TIM1_CC_IRQHandler
                0x000000000800533c                DMA2_Stream5_IRQHandler
                0x000000000800533c                PVD_IRQHandler
                0x000000000800533c                SDIO_IRQHandler
                0x000000000800533c                TAMP_STAMP_IRQHandler
                0x000000000800533c                CAN2_RX1_IRQHandler
                0x000000000800533c                EXTI3_IRQHandler
                0x000000000800533c                TIM8_TRG_COM_TIM14_IRQHandler
                0x000000000800533c                TIM1_UP_TIM10_IRQHandler
                0x000000000800533c                TIM8_UP_TIM13_IRQHandler
                0x000000000800533c                I2C3_ER_IRQHandler
                0x000000000800533c                EXTI0_IRQHandler
                0x000000000800533c                I2C2_EV_IRQHandler
                0x000000000800533c                DMA1_Stream2_IRQHandler
                0x000000000800533c                CAN1_RX0_IRQHandler
                0x000000000800533c                FPU_IRQHandler
                0x000000000800533c                OTG_HS_WKUP_IRQHandler
                0x000000000800533c                CAN2_SCE_IRQHandler
                0x000000000800533c                DMA2_Stream2_IRQHandler
                0x000000000800533c                SPI1_IRQHandler
                0x000000000800533c                TIM6_DAC_IRQHandler
                0x000000000800533c                TIM1_BRK_TIM9_IRQHandler
                0x000000000800533c                DCMI_IRQHandler
                0x000000000800533c                CAN2_RX0_IRQHandler
                0x000000000800533c                DMA2_Stream3_IRQHandler
                0x000000000800533c                USART6_IRQHandler
                0x000000000800533c                USART3_IRQHandler
                0x000000000800533c                CAN1_RX1_IRQHandler
                0x000000000800533c                UART5_IRQHandler
                0x000000000800533c                DMA2_Stream0_IRQHandler
                0x000000000800533c                TIM4_IRQHandler
                0x000000000800533c                I2C1_EV_IRQHandler
                0x000000000800533c                DMA1_Stream1_IRQHandler
                0x000000000800533c                UART4_IRQHandler
                0x000000000800533c                TIM3_IRQHandler
                0x000000000800533c                RCC_IRQHandler
                0x000000000800533c                TIM8_BRK_TIM12_IRQHandler
                0x000000000800533c                Default_Handler
                0x000000000800533c                EXTI15_10_IRQHandler
                0x000000000800533c                ADC_IRQHandler
                0x000000000800533c                DMA1_Stream7_IRQHandler
                0x000000000800533c                TIM7_IRQHandler
                0x000000000800533c                CAN2_TX_IRQHandler
                0x000000000800533c                TIM5_IRQHandler
                0x000000000800533c                DMA2_Stream7_IRQHandler
                0x000000000800533c                I2C3_EV_IRQHandler
                0x000000000800533c                EXTI9_5_IRQHandler
                0x000000000800533c                RTC_WKUP_IRQHandler
                0x000000000800533c                ETH_WKUP_IRQHandler
                0x000000000800533c                SPI2_IRQHandler
                0x000000000800533c                OTG_HS_EP1_IN_IRQHandler
                0x000000000800533c                DMA1_Stream0_IRQHandler
                0x000000000800533c                CAN1_TX_IRQHandler
                0x000000000800533c                EXTI4_IRQHandler
                0x000000000800533c                FSMC_IRQHandler
                0x000000000800533c                ETH_IRQHandler
                0x000000000800533c                OTG_HS_EP1_OUT_IRQHandler
                0x000000000800533c                WWDG_IRQHandler
                0x000000000800533c                TIM2_IRQHandler
                0x000000000800533c                OTG_FS_WKUP_IRQHandler
                0x000000000800533c                TIM1_TRG_COM_TIM11_IRQHandler
                0x000000000800533c                OTG_HS_IRQHandler
                0x000000000800533c                EXTI1_IRQHandler
                0x000000000800533c                I2C2_ER_IRQHandler
                0x000000000800533c                DMA2_Stream1_IRQHandler
                0x000000000800533c                CAN1_SCE_IRQHandler
                0x000000000800533c                FLASH_IRQHandler
                0x000000000800533c                DMA2_Stream4_IRQHandler
                0x000000000800533c                USART1_IRQHandler
                0x000000000800533c                OTG_FS_IRQHandler
                0x000000000800533c                SPI3_IRQHandler
                0x000000000800533c                DMA1_Stream4_IRQHandler
                0x000000000800533c                I2C1_ER_IRQHandler
                0x000000000800533c                DMA2_Stream6_IRQHandler
                0x000000000800533c                DMA1_Stream3_IRQHandler
 *fill*         0x000000000800533e        0x2 
 .text.HAL_Init
                0x0000000008005340       0x44 ./Drivers/STM32F4xx_HAL_Driver/Src/stm32f4xx_hal.o
                0x0000000008005340                HAL_Init
 .text.HAL_InitTick
                0x0000000008005384       0x60 ./Drivers/STM32F4xx_HAL_Driver/Src/stm32f4xx_hal.o
                0x0000000008005384                HAL_InitTick
 .text.HAL_IncTick
                0x00000000080053e4       0x28 ./Drivers/STM32F4xx_HAL_Driver/Src/stm32f4xx_hal.o
                0x00000000080053e4                HAL_IncTick
 .text.HAL_GetTick
                0x000000000800540c       0x18 ./Drivers/STM32F4xx_HAL_Driver/Src/stm32f4xx_hal.o
                0x000000000800540c                HAL_GetTick
 .text.HAL_Delay
                0x0000000008005424       0x48 ./Drivers/STM32F4xx_HAL_Driver/Src/stm32f4xx_hal.o
                0x0000000008005424                HAL_Delay
 .text.__NVIC_SetPriorityGrouping
                0x000000000800546c       0x48 ./Drivers/STM32F4xx_HAL_Driver/Src/stm32f4xx_hal_cortex.o
 .text.__NVIC_GetPriorityGrouping
                0x00000000080054b4       0x1c ./Drivers/STM32F4xx_HAL_Driver/Src/stm32f4xx_hal_cortex.o
 .text.__NVIC_EnableIRQ
                0x00000000080054d0       0x3c ./Drivers/STM32F4xx_HAL_Driver/Src/stm32f4xx_hal_cortex.o
 .text.__NVIC_SetPriority
                0x000000000800550c       0x54 ./Drivers/STM32F4xx_HAL_Driver/Src/stm32f4xx_hal_cortex.o
 .text.NVIC_EncodePriority
                0x0000000008005560       0x66 ./Drivers/STM32F4xx_HAL_Driver/Src/stm32f4xx_hal_cortex.o
 *fill*         0x00000000080055c6        0x2 
 .text.SysTick_Config
                0x00000000080055c8       0x44 ./Drivers/STM32F4xx_HAL_Driver/Src/stm32f4xx_hal_cortex.o
 .text.HAL_NVIC_SetPriorityGrouping
                0x000000000800560c       0x16 ./Drivers/STM32F4xx_HAL_Driver/Src/stm32f4xx_hal_cortex.o
                0x000000000800560c                HAL_NVIC_SetPriorityGrouping
 .text.HAL_NVIC_SetPriority
                0x0000000008005622       0x38 ./Drivers/STM32F4xx_HAL_Driver/Src/stm32f4xx_hal_cortex.o
                0x0000000008005622                HAL_NVIC_SetPriority
 .text.HAL_NVIC_EnableIRQ
                0x000000000800565a       0x1c ./Drivers/STM32F4xx_HAL_Driver/Src/stm32f4xx_hal_cortex.o
                0x000000000800565a                HAL_NVIC_EnableIRQ
 .text.HAL_SYSTICK_Config
                0x0000000008005676       0x18 ./Drivers/STM32F4xx_HAL_Driver/Src/stm32f4xx_hal_cortex.o
                0x0000000008005676                HAL_SYSTICK_Config
 *fill*         0x000000000800568e        0x2 
 .text.HAL_DMA_Init
                0x0000000008005690      0x15c ./Drivers/STM32F4xx_HAL_Driver/Src/stm32f4xx_hal_dma.o
                0x0000000008005690                HAL_DMA_Init
 .text.HAL_DMA_Start_IT
                0x00000000080057ec       0xb0 ./Drivers/STM32F4xx_HAL_Driver/Src/stm32f4xx_hal_dma.o
                0x00000000080057ec                HAL_DMA_Start_IT
 .text.HAL_DMA_Abort
                0x000000000800589c       0xe0 ./Drivers/STM32F4xx_HAL_Driver/Src/stm32f4xx_hal_dma.o
                0x000000000800589c                HAL_DMA_Abort
 .text.HAL_DMA_Abort_IT
                0x000000000800597c       0x44 ./Drivers/STM32F4xx_HAL_Driver/Src/stm32f4xx_hal_dma.o
                0x000000000800597c                HAL_DMA_Abort_IT
 .text.HAL_DMA_IRQHandler
                0x00000000080059c0      0x314 ./Drivers/STM32F4xx_HAL_Driver/Src/stm32f4xx_hal_dma.o
                0x00000000080059c0                HAL_DMA_IRQHandler
 .text.DMA_SetConfig
                0x0000000008005cd4       0x5c ./Drivers/STM32F4xx_HAL_Driver/Src/stm32f4xx_hal_dma.o
 .text.DMA_CalcBaseAndBitshift
                0x0000000008005d30       0x6c ./Drivers/STM32F4xx_HAL_Driver/Src/stm32f4xx_hal_dma.o
 .text.DMA_CheckFifoParam
                0x0000000008005d9c       0xf8 ./Drivers/STM32F4xx_HAL_Driver/Src/stm32f4xx_hal_dma.o
 .text.HAL_GPIO_Init
                0x0000000008005e94      0x338 ./Drivers/STM32F4xx_HAL_Driver/Src/stm32f4xx_hal_gpio.o
                0x0000000008005e94                HAL_GPIO_Init
 .text.HAL_GPIO_WritePin
                0x00000000080061cc       0x32 ./Drivers/STM32F4xx_HAL_Driver/Src/stm32f4xx_hal_gpio.o
                0x00000000080061cc                HAL_GPIO_WritePin
 *fill*         0x00000000080061fe        0x2 
 .text.HAL_RCC_OscConfig
                0x0000000008006200      0x4f0 ./Drivers/STM32F4xx_HAL_Driver/Src/stm32f4xx_hal_rcc.o
                0x0000000008006200                HAL_RCC_OscConfig
 .text.HAL_RCC_ClockConfig
                0x00000000080066f0      0x1cc ./Drivers/STM32F4xx_HAL_Driver/Src/stm32f4xx_hal_rcc.o
                0x00000000080066f0                HAL_RCC_ClockConfig
 .text.HAL_RCC_GetSysClockFreq
                0x00000000080068bc      0x20c ./Drivers/STM32F4xx_HAL_Driver/Src/stm32f4xx_hal_rcc.o
                0x00000000080068bc                HAL_RCC_GetSysClockFreq
 .text.HAL_RCC_GetHCLKFreq
                0x0000000008006ac8       0x18 ./Drivers/STM32F4xx_HAL_Driver/Src/stm32f4xx_hal_rcc.o
                0x0000000008006ac8                HAL_RCC_GetHCLKFreq
 .text.HAL_RCC_GetPCLK1Freq
                0x0000000008006ae0       0x28 ./Drivers/STM32F4xx_HAL_Driver/Src/stm32f4xx_hal_rcc.o
                0x0000000008006ae0                HAL_RCC_GetPCLK1Freq
 .text.HAL_RCC_GetPCLK2Freq
                0x0000000008006b08       0x28 ./Drivers/STM32F4xx_HAL_Driver/Src/stm32f4xx_hal_rcc.o
                0x0000000008006b08                HAL_RCC_GetPCLK2Freq
 .text.HAL_TIM_PWM_Init
                0x0000000008006b30       0x9e ./Drivers/STM32F4xx_HAL_Driver/Src/stm32f4xx_hal_tim.o
                0x0000000008006b30                HAL_TIM_PWM_Init
 *fill*         0x0000000008006bce        0x2 
 .text.HAL_TIM_PWM_Start
                0x0000000008006bd0      0x190 ./Drivers/STM32F4xx_HAL_Driver/Src/stm32f4xx_hal_tim.o
                0x0000000008006bd0                HAL_TIM_PWM_Start
 .text.HAL_TIM_Encoder_Init
                0x0000000008006d60      0x14c ./Drivers/STM32F4xx_HAL_Driver/Src/stm32f4xx_hal_tim.o
                0x0000000008006d60                HAL_TIM_Encoder_Init
 .text.HAL_TIM_Encoder_Start
                0x0000000008006eac      0x11c ./Drivers/STM32F4xx_HAL_Driver/Src/stm32f4xx_hal_tim.o
                0x0000000008006eac                HAL_TIM_Encoder_Start
 .text.HAL_TIM_PWM_ConfigChannel
                0x0000000008006fc8      0x184 ./Drivers/STM32F4xx_HAL_Driver/Src/stm32f4xx_hal_tim.o
                0x0000000008006fc8                HAL_TIM_PWM_ConfigChannel
 .text.TIM_Base_SetConfig
                0x000000000800714c      0x140 ./Drivers/STM32F4xx_HAL_Driver/Src/stm32f4xx_hal_tim.o
                0x000000000800714c                TIM_Base_SetConfig
 .text.TIM_OC1_SetConfig
                0x000000000800728c       0xe0 ./Drivers/STM32F4xx_HAL_Driver/Src/stm32f4xx_hal_tim.o
 .text.TIM_OC2_SetConfig
                0x000000000800736c       0xec ./Drivers/STM32F4xx_HAL_Driver/Src/stm32f4xx_hal_tim.o
                0x000000000800736c                TIM_OC2_SetConfig
 .text.TIM_OC3_SetConfig
                0x0000000008007458       0xe8 ./Drivers/STM32F4xx_HAL_Driver/Src/stm32f4xx_hal_tim.o
 .text.TIM_OC4_SetConfig
                0x0000000008007540       0xac ./Drivers/STM32F4xx_HAL_Driver/Src/stm32f4xx_hal_tim.o
 .text.TIM_CCxChannelCmd
                0x00000000080075ec       0x4a ./Drivers/STM32F4xx_HAL_Driver/Src/stm32f4xx_hal_tim.o
                0x00000000080075ec                TIM_CCxChannelCmd
 *fill*         0x0000000008007636        0x2 
 .text.HAL_TIMEx_MasterConfigSynchronization
                0x0000000008007638       0xf8 ./Drivers/STM32F4xx_HAL_Driver/Src/stm32f4xx_hal_tim_ex.o
                0x0000000008007638                HAL_TIMEx_MasterConfigSynchronization
 .text.HAL_UART_Init
                0x0000000008007730       0x9a ./Drivers/STM32F4xx_HAL_Driver/Src/stm32f4xx_hal_uart.o
                0x0000000008007730                HAL_UART_Init
 *fill*         0x00000000080077ca        0x2 
 .text.HAL_UART_Transmit_DMA
                0x00000000080077cc       0xfc ./Drivers/STM32F4xx_HAL_Driver/Src/stm32f4xx_hal_uart.o
                0x00000000080077cc                HAL_UART_Transmit_DMA
 .text.HAL_UART_Receive_DMA
                0x00000000080078c8       0x60 ./Drivers/STM32F4xx_HAL_Driver/Src/stm32f4xx_hal_uart.o
                0x00000000080078c8                HAL_UART_Receive_DMA
 .text.HAL_UART_IRQHandler
                0x0000000008007928      0x51c ./Drivers/STM32F4xx_HAL_Driver/Src/stm32f4xx_hal_uart.o
                0x0000000008007928                HAL_UART_IRQHandler
 .text.HAL_UART_TxHalfCpltCallback
                0x0000000008007e44       0x14 ./Drivers/STM32F4xx_HAL_Driver/Src/stm32f4xx_hal_uart.o
                0x0000000008007e44                HAL_UART_TxHalfCpltCallback
 .text.HAL_UART_RxHalfCpltCallback
                0x0000000008007e58       0x14 ./Drivers/STM32F4xx_HAL_Driver/Src/stm32f4xx_hal_uart.o
                0x0000000008007e58                HAL_UART_RxHalfCpltCallback
 .text.HAL_UART_ErrorCallback
                0x0000000008007e6c       0x14 ./Drivers/STM32F4xx_HAL_Driver/Src/stm32f4xx_hal_uart.o
                0x0000000008007e6c                HAL_UART_ErrorCallback
 .text.HAL_UARTEx_RxEventCallback
                0x0000000008007e80       0x18 ./Drivers/STM32F4xx_HAL_Driver/Src/stm32f4xx_hal_uart.o
                0x0000000008007e80                HAL_UARTEx_RxEventCallback
 .text.UART_DMATransmitCplt
                0x0000000008007e98       0x9a ./Drivers/STM32F4xx_HAL_Driver/Src/stm32f4xx_hal_uart.o
 .text.UART_DMATxHalfCplt
                0x0000000008007f32       0x1c ./Drivers/STM32F4xx_HAL_Driver/Src/stm32f4xx_hal_uart.o
 .text.UART_DMAReceiveCplt
                0x0000000008007f4e      0x126 ./Drivers/STM32F4xx_HAL_Driver/Src/stm32f4xx_hal_uart.o
 .text.UART_DMARxHalfCplt
                0x0000000008008074       0x36 ./Drivers/STM32F4xx_HAL_Driver/Src/stm32f4xx_hal_uart.o
 .text.UART_DMAError
                0x00000000080080aa       0x94 ./Drivers/STM32F4xx_HAL_Driver/Src/stm32f4xx_hal_uart.o
 *fill*         0x000000000800813e        0x2 
 .text.UART_Start_Receive_DMA
                0x0000000008008140      0x13c ./Drivers/STM32F4xx_HAL_Driver/Src/stm32f4xx_hal_uart.o
                0x0000000008008140                UART_Start_Receive_DMA
 .text.UART_EndTxTransfer
                0x000000000800827c       0x50 ./Drivers/STM32F4xx_HAL_Driver/Src/stm32f4xx_hal_uart.o
 .text.UART_EndRxTransfer
                0x00000000080082cc       0xc6 ./Drivers/STM32F4xx_HAL_Driver/Src/stm32f4xx_hal_uart.o
 .text.UART_DMAAbortOnError
                0x0000000008008392       0x28 ./Drivers/STM32F4xx_HAL_Driver/Src/stm32f4xx_hal_uart.o
 .text.UART_Transmit_IT
                0x00000000080083ba       0xa0 ./Drivers/STM32F4xx_HAL_Driver/Src/stm32f4xx_hal_uart.o
 .text.UART_EndTransmit_IT
                0x000000000800845a       0x30 ./Drivers/STM32F4xx_HAL_Driver/Src/stm32f4xx_hal_uart.o
 .text.UART_Receive_IT
                0x000000000800848a      0x176 ./Drivers/STM32F4xx_HAL_Driver/Src/stm32f4xx_hal_uart.o
 .text.UART_SetConfig
                0x0000000008008600      0x4e8 ./Drivers/STM32F4xx_HAL_Driver/Src/stm32f4xx_hal_uart.o
 .text.__cxa_pure_virtual
                0x0000000008008ae8        0x6 c:/st/stm32cubeide_1.11.2/stm32cubeide/plugins/com.st.stm32cube.ide.mcu.externaltools.gnu-tools-for-stm32.10.3-2021.10.win32_1.0.100.202210260954/tools/bin/../lib/gcc/arm-none-eabi/10.3.1/../../../../arm-none-eabi/lib/thumb/v7e-m+fp/hard\libstdc++_nano.a(pure.o)
                0x0000000008008ae8                __cxa_pure_virtual
 .text._ZN10__cxxabiv111__terminateEPFvvE
                0x0000000008008aee        0x8 c:/st/stm32cubeide_1.11.2/stm32cubeide/plugins/com.st.stm32cube.ide.mcu.externaltools.gnu-tools-for-stm32.10.3-2021.10.win32_1.0.100.202210260954/tools/bin/../lib/gcc/arm-none-eabi/10.3.1/../../../../arm-none-eabi/lib/thumb/v7e-m+fp/hard\libstdc++_nano.a(eh_terminate.o)
                0x0000000008008aee                __cxxabiv1::__terminate(void (*)())
 *fill*         0x0000000008008af6        0x2 
 .text._ZSt13get_terminatev
                0x0000000008008af8       0x10 c:/st/stm32cubeide_1.11.2/stm32cubeide/plugins/com.st.stm32cube.ide.mcu.externaltools.gnu-tools-for-stm32.10.3-2021.10.win32_1.0.100.202210260954/tools/bin/../lib/gcc/arm-none-eabi/10.3.1/../../../../arm-none-eabi/lib/thumb/v7e-m+fp/hard\libstdc++_nano.a(eh_terminate.o)
                0x0000000008008af8                std::get_terminate()
 .text._ZSt9terminatev
                0x0000000008008b08        0xa c:/st/stm32cubeide_1.11.2/stm32cubeide/plugins/com.st.stm32cube.ide.mcu.externaltools.gnu-tools-for-stm32.10.3-2021.10.win32_1.0.100.202210260954/tools/bin/../lib/gcc/arm-none-eabi/10.3.1/../../../../arm-none-eabi/lib/thumb/v7e-m+fp/hard\libstdc++_nano.a(eh_terminate.o)
                0x0000000008008b08                std::terminate()
 .text.abort    0x0000000008008b12        0xe c:/st/stm32cubeide_1.11.2/stm32cubeide/plugins/com.st.stm32cube.ide.mcu.externaltools.gnu-tools-for-stm32.10.3-2021.10.win32_1.0.100.202210260954/tools/bin/../lib/gcc/arm-none-eabi/10.3.1/../../../../arm-none-eabi/lib/thumb/v7e-m+fp/hard\libc_nano.a(lib_a-abort.o)
                0x0000000008008b12                abort
 .text.__errno  0x0000000008008b20        0xc c:/st/stm32cubeide_1.11.2/stm32cubeide/plugins/com.st.stm32cube.ide.mcu.externaltools.gnu-tools-for-stm32.10.3-2021.10.win32_1.0.100.202210260954/tools/bin/../lib/gcc/arm-none-eabi/10.3.1/../../../../arm-none-eabi/lib/thumb/v7e-m+fp/hard\libc_nano.a(lib_a-errno.o)
                0x0000000008008b20                __errno
 .text.__libc_init_array
                0x0000000008008b2c       0x48 c:/st/stm32cubeide_1.11.2/stm32cubeide/plugins/com.st.stm32cube.ide.mcu.externaltools.gnu-tools-for-stm32.10.3-2021.10.win32_1.0.100.202210260954/tools/bin/../lib/gcc/arm-none-eabi/10.3.1/../../../../arm-none-eabi/lib/thumb/v7e-m+fp/hard\libc_nano.a(lib_a-init.o)
                0x0000000008008b2c                __libc_init_array
 .text.memcpy   0x0000000008008b74       0x1c c:/st/stm32cubeide_1.11.2/stm32cubeide/plugins/com.st.stm32cube.ide.mcu.externaltools.gnu-tools-for-stm32.10.3-2021.10.win32_1.0.100.202210260954/tools/bin/../lib/gcc/arm-none-eabi/10.3.1/../../../../arm-none-eabi/lib/thumb/v7e-m+fp/hard\libc_nano.a(lib_a-memcpy-stub.o)
                0x0000000008008b74                memcpy
 .text.memset   0x0000000008008b90       0x10 c:/st/stm32cubeide_1.11.2/stm32cubeide/plugins/com.st.stm32cube.ide.mcu.externaltools.gnu-tools-for-stm32.10.3-2021.10.win32_1.0.100.202210260954/tools/bin/../lib/gcc/arm-none-eabi/10.3.1/../../../../arm-none-eabi/lib/thumb/v7e-m+fp/hard\libc_nano.a(lib_a-memset.o)
                0x0000000008008b90                memset
 .text.realloc  0x0000000008008ba0       0x10 c:/st/stm32cubeide_1.11.2/stm32cubeide/plugins/com.st.stm32cube.ide.mcu.externaltools.gnu-tools-for-stm32.10.3-2021.10.win32_1.0.100.202210260954/tools/bin/../lib/gcc/arm-none-eabi/10.3.1/../../../../arm-none-eabi/lib/thumb/v7e-m+fp/hard\libc_nano.a(lib_a-realloc.o)
                0x0000000008008ba0                realloc
 .text._raise_r
                0x0000000008008bb0       0x50 c:/st/stm32cubeide_1.11.2/stm32cubeide/plugins/com.st.stm32cube.ide.mcu.externaltools.gnu-tools-for-stm32.10.3-2021.10.win32_1.0.100.202210260954/tools/bin/../lib/gcc/arm-none-eabi/10.3.1/../../../../arm-none-eabi/lib/thumb/v7e-m+fp/hard\libc_nano.a(lib_a-signal.o)
                0x0000000008008bb0                _raise_r
 .text.raise    0x0000000008008c00       0x10 c:/st/stm32cubeide_1.11.2/stm32cubeide/plugins/com.st.stm32cube.ide.mcu.externaltools.gnu-tools-for-stm32.10.3-2021.10.win32_1.0.100.202210260954/tools/bin/../lib/gcc/arm-none-eabi/10.3.1/../../../../arm-none-eabi/lib/thumb/v7e-m+fp/hard\libc_nano.a(lib_a-signal.o)
                0x0000000008008c00                raise
 .text._kill_r  0x0000000008008c10       0x24 c:/st/stm32cubeide_1.11.2/stm32cubeide/plugins/com.st.stm32cube.ide.mcu.externaltools.gnu-tools-for-stm32.10.3-2021.10.win32_1.0.100.202210260954/tools/bin/../lib/gcc/arm-none-eabi/10.3.1/../../../../arm-none-eabi/lib/thumb/v7e-m+fp/hard\libc_nano.a(lib_a-signalr.o)
                0x0000000008008c10                _kill_r
 .text._getpid_r
                0x0000000008008c34        0x4 c:/st/stm32cubeide_1.11.2/stm32cubeide/plugins/com.st.stm32cube.ide.mcu.externaltools.gnu-tools-for-stm32.10.3-2021.10.win32_1.0.100.202210260954/tools/bin/../lib/gcc/arm-none-eabi/10.3.1/../../../../arm-none-eabi/lib/thumb/v7e-m+fp/hard\libc_nano.a(lib_a-signalr.o)
                0x0000000008008c34                _getpid_r
 .text.sbrk_aligned
                0x0000000008008c38       0x40 c:/st/stm32cubeide_1.11.2/stm32cubeide/plugins/com.st.stm32cube.ide.mcu.externaltools.gnu-tools-for-stm32.10.3-2021.10.win32_1.0.100.202210260954/tools/bin/../lib/gcc/arm-none-eabi/10.3.1/../../../../arm-none-eabi/lib/thumb/v7e-m+fp/hard\libc_nano.a(lib_a-nano-mallocr.o)
 .text._malloc_r
                0x0000000008008c78       0xe8 c:/st/stm32cubeide_1.11.2/stm32cubeide/plugins/com.st.stm32cube.ide.mcu.externaltools.gnu-tools-for-stm32.10.3-2021.10.win32_1.0.100.202210260954/tools/bin/../lib/gcc/arm-none-eabi/10.3.1/../../../../arm-none-eabi/lib/thumb/v7e-m+fp/hard\libc_nano.a(lib_a-nano-mallocr.o)
                0x0000000008008c78                _malloc_r
 .text._realloc_r
                0x0000000008008d60       0x5e c:/st/stm32cubeide_1.11.2/stm32cubeide/plugins/com.st.stm32cube.ide.mcu.externaltools.gnu-tools-for-stm32.10.3-2021.10.win32_1.0.100.202210260954/tools/bin/../lib/gcc/arm-none-eabi/10.3.1/../../../../arm-none-eabi/lib/thumb/v7e-m+fp/hard\libc_nano.a(lib_a-nano-reallocr.o)
                0x0000000008008d60                _realloc_r
 *fill*         0x0000000008008dbe        0x2 
 .text._sbrk_r  0x0000000008008dc0       0x20 c:/st/stm32cubeide_1.11.2/stm32cubeide/plugins/com.st.stm32cube.ide.mcu.externaltools.gnu-tools-for-stm32.10.3-2021.10.win32_1.0.100.202210260954/tools/bin/../lib/gcc/arm-none-eabi/10.3.1/../../../../arm-none-eabi/lib/thumb/v7e-m+fp/hard\libc_nano.a(lib_a-sbrkr.o)
                0x0000000008008dc0                _sbrk_r
 .text.__malloc_lock
                0x0000000008008de0        0xc c:/st/stm32cubeide_1.11.2/stm32cubeide/plugins/com.st.stm32cube.ide.mcu.externaltools.gnu-tools-for-stm32.10.3-2021.10.win32_1.0.100.202210260954/tools/bin/../lib/gcc/arm-none-eabi/10.3.1/../../../../arm-none-eabi/lib/thumb/v7e-m+fp/hard\libc_nano.a(lib_a-mlock.o)
                0x0000000008008de0                __malloc_lock
 .text.__malloc_unlock
                0x0000000008008dec        0xc c:/st/stm32cubeide_1.11.2/stm32cubeide/plugins/com.st.stm32cube.ide.mcu.externaltools.gnu-tools-for-stm32.10.3-2021.10.win32_1.0.100.202210260954/tools/bin/../lib/gcc/arm-none-eabi/10.3.1/../../../../arm-none-eabi/lib/thumb/v7e-m+fp/hard\libc_nano.a(lib_a-mlock.o)
                0x0000000008008dec                __malloc_unlock
 .text._free_r  0x0000000008008df8       0x98 c:/st/stm32cubeide_1.11.2/stm32cubeide/plugins/com.st.stm32cube.ide.mcu.externaltools.gnu-tools-for-stm32.10.3-2021.10.win32_1.0.100.202210260954/tools/bin/../lib/gcc/arm-none-eabi/10.3.1/../../../../arm-none-eabi/lib/thumb/v7e-m+fp/hard\libc_nano.a(lib_a-nano-freer.o)
                0x0000000008008df8                _free_r
 .text._malloc_usable_size_r
                0x0000000008008e90       0x10 c:/st/stm32cubeide_1.11.2/stm32cubeide/plugins/com.st.stm32cube.ide.mcu.externaltools.gnu-tools-for-stm32.10.3-2021.10.win32_1.0.100.202210260954/tools/bin/../lib/gcc/arm-none-eabi/10.3.1/../../../../arm-none-eabi/lib/thumb/v7e-m+fp/hard\libc_nano.a(lib_a-nano-msizer.o)
                0x0000000008008e90                _malloc_usable_size_r
 .text.__retarget_lock_acquire_recursive
                0x0000000008008ea0        0x2 c:/st/stm32cubeide_1.11.2/stm32cubeide/plugins/com.st.stm32cube.ide.mcu.externaltools.gnu-tools-for-stm32.10.3-2021.10.win32_1.0.100.202210260954/tools/bin/../lib/gcc/arm-none-eabi/10.3.1/../../../../arm-none-eabi/lib/thumb/v7e-m+fp/hard\libc_nano.a(lib_a-lock.o)
                0x0000000008008ea0                __retarget_lock_acquire_recursive
 .text.__retarget_lock_release_recursive
                0x0000000008008ea2        0x2 c:/st/stm32cubeide_1.11.2/stm32cubeide/plugins/com.st.stm32cube.ide.mcu.externaltools.gnu-tools-for-stm32.10.3-2021.10.win32_1.0.100.202210260954/tools/bin/../lib/gcc/arm-none-eabi/10.3.1/../../../../arm-none-eabi/lib/thumb/v7e-m+fp/hard\libc_nano.a(lib_a-lock.o)
                0x0000000008008ea2                __retarget_lock_release_recursive
 *(.glue_7)
 .glue_7        0x0000000008008ea4        0x0 linker stubs
 *(.glue_7t)
 .glue_7t       0x0000000008008ea4        0x0 linker stubs
 *(.eh_frame)
 .eh_frame      0x0000000008008ea4        0x0 c:/st/stm32cubeide_1.11.2/stm32cubeide/plugins/com.st.stm32cube.ide.mcu.externaltools.gnu-tools-for-stm32.10.3-2021.10.win32_1.0.100.202210260954/tools/bin/../lib/gcc/arm-none-eabi/10.3.1/thumb/v7e-m+fp/hard/crtbegin.o
 *(.init)
 .init          0x0000000008008ea4        0x4 c:/st/stm32cubeide_1.11.2/stm32cubeide/plugins/com.st.stm32cube.ide.mcu.externaltools.gnu-tools-for-stm32.10.3-2021.10.win32_1.0.100.202210260954/tools/bin/../lib/gcc/arm-none-eabi/10.3.1/thumb/v7e-m+fp/hard/crti.o
                0x0000000008008ea4                _init
 .init          0x0000000008008ea8        0x8 c:/st/stm32cubeide_1.11.2/stm32cubeide/plugins/com.st.stm32cube.ide.mcu.externaltools.gnu-tools-for-stm32.10.3-2021.10.win32_1.0.100.202210260954/tools/bin/../lib/gcc/arm-none-eabi/10.3.1/thumb/v7e-m+fp/hard/crtn.o
 *(.fini)
 .fini          0x0000000008008eb0        0x4 c:/st/stm32cubeide_1.11.2/stm32cubeide/plugins/com.st.stm32cube.ide.mcu.externaltools.gnu-tools-for-stm32.10.3-2021.10.win32_1.0.100.202210260954/tools/bin/../lib/gcc/arm-none-eabi/10.3.1/thumb/v7e-m+fp/hard/crti.o
                0x0000000008008eb0                _fini
 .fini          0x0000000008008eb4        0x8 c:/st/stm32cubeide_1.11.2/stm32cubeide/plugins/com.st.stm32cube.ide.mcu.externaltools.gnu-tools-for-stm32.10.3-2021.10.win32_1.0.100.202210260954/tools/bin/../lib/gcc/arm-none-eabi/10.3.1/thumb/v7e-m+fp/hard/crtn.o
                0x0000000008008ebc                . = ALIGN (0x4)
                0x0000000008008ebc                _etext = .

.vfp11_veneer   0x0000000008008ebc        0x0
 .vfp11_veneer  0x0000000008008ebc        0x0 linker stubs

.v4_bx          0x0000000008008ebc        0x0
 .v4_bx         0x0000000008008ebc        0x0 linker stubs

.iplt           0x0000000008008ebc        0x0
 .iplt          0x0000000008008ebc        0x0 c:/st/stm32cubeide_1.11.2/stm32cubeide/plugins/com.st.stm32cube.ide.mcu.externaltools.gnu-tools-for-stm32.10.3-2021.10.win32_1.0.100.202210260954/tools/bin/../lib/gcc/arm-none-eabi/10.3.1/thumb/v7e-m+fp/hard/crtbegin.o

.rodata         0x0000000008008ebc      0x320
                0x0000000008008ebc                . = ALIGN (0x4)
 *(.rodata)
 .rodata        0x0000000008008ebc      0x1cc ./Core/Src/mainpp.o
 *(.rodata*)
 .rodata._ZN14rosserial_msgsL12REQUESTPARAME
                0x0000000008009088       0x1c ./Core/Src/mainpp.o
 .rodata._ZTVN3ros10SubscriberIN13geometry_msgs5TwistEvEE
                0x00000000080090a4       0x18 ./Core/Src/mainpp.o
                0x00000000080090a4                vtable for ros::Subscriber<geometry_msgs::Twist, void>
 .rodata._ZTVN3ros11NodeHandle_I13STM32HardwareLi25ELi25ELi512ELi512EEE
                0x00000000080090bc       0x14 ./Core/Src/mainpp.o
                0x00000000080090bc                vtable for ros::NodeHandle_<STM32Hardware, 25, 25, 512, 512>
 .rodata._ZTVN13geometry_msgs5TwistE
                0x00000000080090d0       0x18 ./Core/Src/mainpp.o
                0x00000000080090d0                vtable for geometry_msgs::Twist
 .rodata._ZTVN13geometry_msgs7Vector3E
                0x00000000080090e8       0x18 ./Core/Src/mainpp.o
                0x00000000080090e8                vtable for geometry_msgs::Vector3
 .rodata._ZTVN8std_msgs7Float64E
                0x0000000008009100       0x18 ./Core/Src/mainpp.o
                0x0000000008009100                vtable for std_msgs::Float64
 .rodata._ZTVN3ros11Subscriber_E
                0x0000000008009118       0x18 ./Core/Src/mainpp.o
                0x0000000008009118                vtable for ros::Subscriber_
 .rodata._ZTVN3ros15NodeHandleBase_E
                0x0000000008009130       0x14 ./Core/Src/mainpp.o
                0x0000000008009130                vtable for ros::NodeHandleBase_
 .rodata._ZTVN14rosserial_msgs20RequestParamResponseE
                0x0000000008009144       0x18 ./Core/Src/mainpp.o
                0x0000000008009144                vtable for rosserial_msgs::RequestParamResponse
 .rodata._ZTVN14rosserial_msgs3LogE
                0x000000000800915c       0x18 ./Core/Src/mainpp.o
                0x000000000800915c                vtable for rosserial_msgs::Log
 .rodata._ZTVN14rosserial_msgs9TopicInfoE
                0x0000000008009174       0x18 ./Core/Src/mainpp.o
                0x0000000008009174                vtable for rosserial_msgs::TopicInfo
 .rodata._ZTVN8std_msgs4TimeE
                0x000000000800918c       0x18 ./Core/Src/mainpp.o
                0x000000000800918c                vtable for std_msgs::Time
 .rodata._ZTVN3ros3MsgE
                0x00000000080091a4       0x18 ./Core/Src/mainpp.o
                0x00000000080091a4                vtable for ros::Msg
 .rodata.AHBPrescTable
                0x00000000080091bc       0x10 ./Core/Src/system_stm32f4xx.o
                0x00000000080091bc                AHBPrescTable
 .rodata.APBPrescTable
                0x00000000080091cc        0x8 ./Core/Src/system_stm32f4xx.o
                0x00000000080091cc                APBPrescTable
 .rodata.flagBitshiftOffset.0
                0x00000000080091d4        0x8 ./Drivers/STM32F4xx_HAL_Driver/Src/stm32f4xx_hal_dma.o
                0x00000000080091dc                . = ALIGN (0x4)

.ARM.extab      0x00000000080091dc        0x0
                0x00000000080091dc                . = ALIGN (0x4)
 *(.ARM.extab* .gnu.linkonce.armextab.*)
                0x00000000080091dc                . = ALIGN (0x4)

.ARM            0x00000000080091dc        0x8
                0x00000000080091dc                . = ALIGN (0x4)
                0x00000000080091dc                __exidx_start = .
 *(.ARM.exidx*)
 .ARM.exidx     0x00000000080091dc        0x8 c:/st/stm32cubeide_1.11.2/stm32cubeide/plugins/com.st.stm32cube.ide.mcu.externaltools.gnu-tools-for-stm32.10.3-2021.10.win32_1.0.100.202210260954/tools/bin/../lib/gcc/arm-none-eabi/10.3.1/thumb/v7e-m+fp/hard\libgcc.a(_udivmoddi4.o)
                0x00000000080091e4                __exidx_end = .
                0x00000000080091e4                . = ALIGN (0x4)

.rel.dyn        0x00000000080091e4        0x0
 .rel.iplt      0x00000000080091e4        0x0 c:/st/stm32cubeide_1.11.2/stm32cubeide/plugins/com.st.stm32cube.ide.mcu.externaltools.gnu-tools-for-stm32.10.3-2021.10.win32_1.0.100.202210260954/tools/bin/../lib/gcc/arm-none-eabi/10.3.1/thumb/v7e-m+fp/hard/crtbegin.o

.preinit_array  0x00000000080091e4        0x0
                0x00000000080091e4                . = ALIGN (0x4)
                0x00000000080091e4                PROVIDE (__preinit_array_start = .)
 *(.preinit_array*)
                0x00000000080091e4                PROVIDE (__preinit_array_end = .)
                0x00000000080091e4                . = ALIGN (0x4)

.init_array     0x00000000080091e4        0x8
                0x00000000080091e4                . = ALIGN (0x4)
                0x00000000080091e4                PROVIDE (__init_array_start = .)
 *(SORT_BY_NAME(.init_array.*))
 *(.init_array*)
 .init_array    0x00000000080091e4        0x4 c:/st/stm32cubeide_1.11.2/stm32cubeide/plugins/com.st.stm32cube.ide.mcu.externaltools.gnu-tools-for-stm32.10.3-2021.10.win32_1.0.100.202210260954/tools/bin/../lib/gcc/arm-none-eabi/10.3.1/thumb/v7e-m+fp/hard/crtbegin.o
 .init_array    0x00000000080091e8        0x4 ./Core/Src/mainpp.o
                0x00000000080091ec                PROVIDE (__init_array_end = .)
                0x00000000080091ec                . = ALIGN (0x4)

.fini_array     0x00000000080091ec        0x4
                0x00000000080091ec                . = ALIGN (0x4)
                [!provide]                        PROVIDE (__fini_array_start = .)
 *(SORT_BY_NAME(.fini_array.*))
 *(.fini_array*)
 .fini_array    0x00000000080091ec        0x4 c:/st/stm32cubeide_1.11.2/stm32cubeide/plugins/com.st.stm32cube.ide.mcu.externaltools.gnu-tools-for-stm32.10.3-2021.10.win32_1.0.100.202210260954/tools/bin/../lib/gcc/arm-none-eabi/10.3.1/thumb/v7e-m+fp/hard/crtbegin.o
                [!provide]                        PROVIDE (__fini_array_end = .)
                0x00000000080091f0                . = ALIGN (0x4)
                0x00000000080091f0                _sidata = LOADADDR (.data)

.data           0x0000000020000000       0x74 load address 0x00000000080091f0
                0x0000000020000000                . = ALIGN (0x4)
                0x0000000020000000                _sdata = .
 *(.data)
 *(.data*)
 .data.SystemCoreClock
                0x0000000020000000        0x4 ./Core/Src/system_stm32f4xx.o
                0x0000000020000000                SystemCoreClock
 .data.uwTickPrio
                0x0000000020000004        0x4 ./Drivers/STM32F4xx_HAL_Driver/Src/stm32f4xx_hal.o
                0x0000000020000004                uwTickPrio
 .data.uwTickFreq
                0x0000000020000008        0x1 ./Drivers/STM32F4xx_HAL_Driver/Src/stm32f4xx_hal.o
                0x0000000020000008                uwTickFreq
 *fill*         0x0000000020000009        0x3 
 .data._ZN10__cxxabiv119__terminate_handlerE
                0x000000002000000c        0x4 c:/st/stm32cubeide_1.11.2/stm32cubeide/plugins/com.st.stm32cube.ide.mcu.externaltools.gnu-tools-for-stm32.10.3-2021.10.win32_1.0.100.202210260954/tools/bin/../lib/gcc/arm-none-eabi/10.3.1/../../../../arm-none-eabi/lib/thumb/v7e-m+fp/hard\libstdc++_nano.a(eh_term_handler.o)
                0x000000002000000c                __cxxabiv1::__terminate_handler
 .data._impure_ptr
                0x0000000020000010        0x4 c:/st/stm32cubeide_1.11.2/stm32cubeide/plugins/com.st.stm32cube.ide.mcu.externaltools.gnu-tools-for-stm32.10.3-2021.10.win32_1.0.100.202210260954/tools/bin/../lib/gcc/arm-none-eabi/10.3.1/../../../../arm-none-eabi/lib/thumb/v7e-m+fp/hard\libc_nano.a(lib_a-impure.o)
                0x0000000020000010                _impure_ptr
 .data.impure_data
                0x0000000020000014       0x60 c:/st/stm32cubeide_1.11.2/stm32cubeide/plugins/com.st.stm32cube.ide.mcu.externaltools.gnu-tools-for-stm32.10.3-2021.10.win32_1.0.100.202210260954/tools/bin/../lib/gcc/arm-none-eabi/10.3.1/../../../../arm-none-eabi/lib/thumb/v7e-m+fp/hard\libc_nano.a(lib_a-impure.o)
 *(.RamFunc)
 *(.RamFunc*)
                0x0000000020000074                . = ALIGN (0x4)
                0x0000000020000074                _edata = .
                0x0000000008009264                _siccmram = LOADADDR (.ccmram)

.igot.plt       0x0000000020000074        0x0 load address 0x0000000008009264
 .igot.plt      0x0000000020000074        0x0 c:/st/stm32cubeide_1.11.2/stm32cubeide/plugins/com.st.stm32cube.ide.mcu.externaltools.gnu-tools-for-stm32.10.3-2021.10.win32_1.0.100.202210260954/tools/bin/../lib/gcc/arm-none-eabi/10.3.1/thumb/v7e-m+fp/hard/crtbegin.o

.ccmram         0x0000000010000000        0x0 load address 0x0000000008009264
                0x0000000010000000                . = ALIGN (0x4)
                0x0000000010000000                _sccmram = .
 *(.ccmram)
 *(.ccmram*)
                0x0000000010000000                . = ALIGN (0x4)
                0x0000000010000000                _eccmram = .
                0x0000000010000000                . = ALIGN (0x4)

.bss            0x0000000020000078      0xe40
                0x0000000020000078                _sbss = .
                0x0000000020000078                __bss_start__ = _sbss
 *(.bss)
 .bss           0x0000000020000078       0x1c c:/st/stm32cubeide_1.11.2/stm32cubeide/plugins/com.st.stm32cube.ide.mcu.externaltools.gnu-tools-for-stm32.10.3-2021.10.win32_1.0.100.202210260954/tools/bin/../lib/gcc/arm-none-eabi/10.3.1/thumb/v7e-m+fp/hard/crtbegin.o
 *(.bss*)
 .bss.htim1     0x0000000020000094       0x48 ./Core/Src/main.o
                0x0000000020000094                htim1
 .bss.htim2     0x00000000200000dc       0x48 ./Core/Src/main.o
                0x00000000200000dc                htim2
 .bss.htim3     0x0000000020000124       0x48 ./Core/Src/main.o
                0x0000000020000124                htim3
 .bss.huart2    0x000000002000016c       0x44 ./Core/Src/main.o
                0x000000002000016c                huart2
 .bss.hdma_usart2_rx
                0x00000000200001b0       0x60 ./Core/Src/main.o
                0x00000000200001b0                hdma_usart2_rx
 .bss.hdma_usart2_tx
                0x0000000020000210       0x60 ./Core/Src/main.o
                0x0000000020000210                hdma_usart2_tx
 .bss._ZZN13STM32Hardware5flushEvE5mutex
                0x0000000020000270        0x1 ./Core/Src/mainpp.o
                0x0000000020000270                STM32Hardware::flush()::mutex
 *fill*         0x0000000020000271        0x3 
 .bss.nh        0x0000000020000274      0x93c ./Core/Src/mainpp.o
                0x0000000020000274                nh
 .bss.vel_pub   0x0000000020000bb0       0x48 ./Core/Src/mainpp.o
                0x0000000020000bb0                vel_pub
 .bss.set1_lin  0x0000000020000bf8       0x10 ./Core/Src/mainpp.o
                0x0000000020000bf8                set1_lin
 .bss.set2_lin  0x0000000020000c08       0x10 ./Core/Src/mainpp.o
                0x0000000020000c08                set2_lin
 .bss.set1_ang  0x0000000020000c18       0x10 ./Core/Src/mainpp.o
                0x0000000020000c18                set1_ang
 .bss.set2_ang  0x0000000020000c28       0x10 ./Core/Src/mainpp.o
                0x0000000020000c28                set2_ang
 .bss.u11_s     0x0000000020000c38       0x10 ./Core/Src/mainpp.o
                0x0000000020000c38                u11_s
 .bss.u21_s     0x0000000020000c48       0x10 ./Core/Src/mainpp.o
                0x0000000020000c48                u21_s
 .bss.y11       0x0000000020000c58       0x10 ./Core/Src/mainpp.o
                0x0000000020000c58                y11
 .bss.y21       0x0000000020000c68       0x10 ./Core/Src/mainpp.o
                0x0000000020000c68                y21
 .bss.y11_lin   0x0000000020000c78       0x10 ./Core/Src/mainpp.o
                0x0000000020000c78                y11_lin
 .bss.y21_lin   0x0000000020000c88       0x10 ./Core/Src/mainpp.o
                0x0000000020000c88                y21_lin
 .bss.N1        0x0000000020000c98        0x2 ./Core/Src/mainpp.o
                0x0000000020000c98                N1
 .bss.preN1     0x0000000020000c9a        0x2 ./Core/Src/mainpp.o
                0x0000000020000c9a                preN1
 *fill*         0x0000000020000c9c        0x4 
 .bss.y12       0x0000000020000ca0        0x8 ./Core/Src/mainpp.o
                0x0000000020000ca0                y12
 .bss.y13       0x0000000020000ca8        0x8 ./Core/Src/mainpp.o
                0x0000000020000ca8                y13
 .bss.y14       0x0000000020000cb0        0x8 ./Core/Src/mainpp.o
                0x0000000020000cb0                y14
 .bss.ym11      0x0000000020000cb8        0x8 ./Core/Src/mainpp.o
                0x0000000020000cb8                ym11
 .bss.ym12      0x0000000020000cc0        0x8 ./Core/Src/mainpp.o
                0x0000000020000cc0                ym12
 .bss.ym13      0x0000000020000cc8        0x8 ./Core/Src/mainpp.o
                0x0000000020000cc8                ym13
 .bss.ec11      0x0000000020000cd0        0x8 ./Core/Src/mainpp.o
                0x0000000020000cd0                ec11
 .bss.ec12      0x0000000020000cd8        0x8 ./Core/Src/mainpp.o
                0x0000000020000cd8                ec12
 .bss.ec13      0x0000000020000ce0        0x8 ./Core/Src/mainpp.o
                0x0000000020000ce0                ec13
 .bss.em11      0x0000000020000ce8        0x8 ./Core/Src/mainpp.o
                0x0000000020000ce8                em11
 .bss.em12      0x0000000020000cf0        0x8 ./Core/Src/mainpp.o
                0x0000000020000cf0                em12
 .bss.em13      0x0000000020000cf8        0x8 ./Core/Src/mainpp.o
                0x0000000020000cf8                em13
 .bss.delkp11   0x0000000020000d00        0x8 ./Core/Src/mainpp.o
                0x0000000020000d00                delkp11
 .bss.delkp12   0x0000000020000d08        0x8 ./Core/Src/mainpp.o
                0x0000000020000d08                delkp12
 .bss.delkp13   0x0000000020000d10        0x8 ./Core/Src/mainpp.o
                0x0000000020000d10                delkp13
 .bss.delki11   0x0000000020000d18        0x8 ./Core/Src/mainpp.o
                0x0000000020000d18                delki11
 .bss.delki12   0x0000000020000d20        0x8 ./Core/Src/mainpp.o
                0x0000000020000d20                delki12
 .bss.delki13   0x0000000020000d28        0x8 ./Core/Src/mainpp.o
                0x0000000020000d28                delki13
 .bss.Kp1       0x0000000020000d30        0x8 ./Core/Src/mainpp.o
                0x0000000020000d30                Kp1
 .bss.Ki1       0x0000000020000d38        0x8 ./Core/Src/mainpp.o
                0x0000000020000d38                Ki1
 .bss.alpha1    0x0000000020000d40        0x8 ./Core/Src/mainpp.o
                0x0000000020000d40                alpha1
 .bss.beta1     0x0000000020000d48        0x8 ./Core/Src/mainpp.o
                0x0000000020000d48                beta1
 .bss.u11       0x0000000020000d50        0x8 ./Core/Src/mainpp.o
                0x0000000020000d50                u11
 .bss.u12       0x0000000020000d58        0x8 ./Core/Src/mainpp.o
                0x0000000020000d58                u12
 .bss.N2        0x0000000020000d60        0x2 ./Core/Src/mainpp.o
                0x0000000020000d60                N2
 .bss.preN2     0x0000000020000d62        0x2 ./Core/Src/mainpp.o
                0x0000000020000d62                preN2
 *fill*         0x0000000020000d64        0x4 
 .bss.y22       0x0000000020000d68        0x8 ./Core/Src/mainpp.o
                0x0000000020000d68                y22
 .bss.y23       0x0000000020000d70        0x8 ./Core/Src/mainpp.o
                0x0000000020000d70                y23
 .bss.y24       0x0000000020000d78        0x8 ./Core/Src/mainpp.o
                0x0000000020000d78                y24
 .bss.ym21      0x0000000020000d80        0x8 ./Core/Src/mainpp.o
                0x0000000020000d80                ym21
 .bss.ym22      0x0000000020000d88        0x8 ./Core/Src/mainpp.o
                0x0000000020000d88                ym22
 .bss.ym23      0x0000000020000d90        0x8 ./Core/Src/mainpp.o
                0x0000000020000d90                ym23
 .bss.ec21      0x0000000020000d98        0x8 ./Core/Src/mainpp.o
                0x0000000020000d98                ec21
 .bss.ec22      0x0000000020000da0        0x8 ./Core/Src/mainpp.o
                0x0000000020000da0                ec22
 .bss.ec23      0x0000000020000da8        0x8 ./Core/Src/mainpp.o
                0x0000000020000da8                ec23
 .bss.em21      0x0000000020000db0        0x8 ./Core/Src/mainpp.o
                0x0000000020000db0                em21
 .bss.em22      0x0000000020000db8        0x8 ./Core/Src/mainpp.o
                0x0000000020000db8                em22
 .bss.em23      0x0000000020000dc0        0x8 ./Core/Src/mainpp.o
                0x0000000020000dc0                em23
 .bss.delkp21   0x0000000020000dc8        0x8 ./Core/Src/mainpp.o
                0x0000000020000dc8                delkp21
 .bss.delkp22   0x0000000020000dd0        0x8 ./Core/Src/mainpp.o
                0x0000000020000dd0                delkp22
 .bss.delkp23   0x0000000020000dd8        0x8 ./Core/Src/mainpp.o
                0x0000000020000dd8                delkp23
 .bss.delki21   0x0000000020000de0        0x8 ./Core/Src/mainpp.o
                0x0000000020000de0                delki21
 .bss.delki22   0x0000000020000de8        0x8 ./Core/Src/mainpp.o
                0x0000000020000de8                delki22
 .bss.delki23   0x0000000020000df0        0x8 ./Core/Src/mainpp.o
                0x0000000020000df0                delki23
 .bss.Kp2       0x0000000020000df8        0x8 ./Core/Src/mainpp.o
                0x0000000020000df8                Kp2
 .bss.Ki2       0x0000000020000e00        0x8 ./Core/Src/mainpp.o
                0x0000000020000e00                Ki2
 .bss.alpha2    0x0000000020000e08        0x8 ./Core/Src/mainpp.o
                0x0000000020000e08                alpha2
 .bss.beta2     0x0000000020000e10        0x8 ./Core/Src/mainpp.o
                0x0000000020000e10                beta2
 .bss.u21       0x0000000020000e18        0x8 ./Core/Src/mainpp.o
                0x0000000020000e18                u21
 .bss.u22       0x0000000020000e20        0x8 ./Core/Src/mainpp.o
                0x0000000020000e20                u22
 .bss.pub       0x0000000020000e28       0x14 ./Core/Src/mainpp.o
                0x0000000020000e28                pub
 *fill*         0x0000000020000e3c        0x4 
 .bss.sub_cmd_vel
                0x0000000020000e40       0x60 ./Core/Src/mainpp.o
                0x0000000020000e40                sub_cmd_vel
 .bss.__sbrk_heap_end
                0x0000000020000ea0        0x4 ./Core/Src/sysmem.o
 .bss.uwTick    0x0000000020000ea4        0x4 ./Drivers/STM32F4xx_HAL_Driver/Src/stm32f4xx_hal.o
                0x0000000020000ea4                uwTick
 .bss.__malloc_free_list
                0x0000000020000ea8        0x4 c:/st/stm32cubeide_1.11.2/stm32cubeide/plugins/com.st.stm32cube.ide.mcu.externaltools.gnu-tools-for-stm32.10.3-2021.10.win32_1.0.100.202210260954/tools/bin/../lib/gcc/arm-none-eabi/10.3.1/../../../../arm-none-eabi/lib/thumb/v7e-m+fp/hard\libc_nano.a(lib_a-nano-mallocr.o)
                0x0000000020000ea8                __malloc_free_list
 .bss.__malloc_sbrk_start
                0x0000000020000eac        0x4 c:/st/stm32cubeide_1.11.2/stm32cubeide/plugins/com.st.stm32cube.ide.mcu.externaltools.gnu-tools-for-stm32.10.3-2021.10.win32_1.0.100.202210260954/tools/bin/../lib/gcc/arm-none-eabi/10.3.1/../../../../arm-none-eabi/lib/thumb/v7e-m+fp/hard\libc_nano.a(lib_a-nano-mallocr.o)
                0x0000000020000eac                __malloc_sbrk_start
 .bss.errno     0x0000000020000eb0        0x4 c:/st/stm32cubeide_1.11.2/stm32cubeide/plugins/com.st.stm32cube.ide.mcu.externaltools.gnu-tools-for-stm32.10.3-2021.10.win32_1.0.100.202210260954/tools/bin/../lib/gcc/arm-none-eabi/10.3.1/../../../../arm-none-eabi/lib/thumb/v7e-m+fp/hard\libc_nano.a(lib_a-reent.o)
                0x0000000020000eb0                errno
 .bss.__lock___malloc_recursive_mutex
                0x0000000020000eb4        0x1 c:/st/stm32cubeide_1.11.2/stm32cubeide/plugins/com.st.stm32cube.ide.mcu.externaltools.gnu-tools-for-stm32.10.3-2021.10.win32_1.0.100.202210260954/tools/bin/../lib/gcc/arm-none-eabi/10.3.1/../../../../arm-none-eabi/lib/thumb/v7e-m+fp/hard\libc_nano.a(lib_a-lock.o)
                0x0000000020000eb4                __lock___malloc_recursive_mutex
 *(COMMON)
                0x0000000020000eb8                . = ALIGN (0x4)
 *fill*         0x0000000020000eb5        0x3 
                0x0000000020000eb8                _ebss = .
                0x0000000020000eb8                __bss_end__ = _ebss

._user_heap_stack
                0x0000000020000eb8      0x600
                0x0000000020000eb8                . = ALIGN (0x8)
                [!provide]                        PROVIDE (end = .)
                0x0000000020000eb8                PROVIDE (_end = .)
                0x00000000200010b8                . = (. + _Min_Heap_Size)
 *fill*         0x0000000020000eb8      0x200 
                0x00000000200014b8                . = (. + _Min_Stack_Size)
 *fill*         0x00000000200010b8      0x400 
                0x00000000200014b8                . = ALIGN (0x8)

/DISCARD/
 libc.a(*)
 libm.a(*)
 libgcc.a(*)

.ARM.attributes
                0x0000000000000000       0x30
 *(.ARM.attributes)
 .ARM.attributes
                0x0000000000000000       0x1e c:/st/stm32cubeide_1.11.2/stm32cubeide/plugins/com.st.stm32cube.ide.mcu.externaltools.gnu-tools-for-stm32.10.3-2021.10.win32_1.0.100.202210260954/tools/bin/../lib/gcc/arm-none-eabi/10.3.1/thumb/v7e-m+fp/hard/crti.o
 .ARM.attributes
                0x000000000000001e       0x34 c:/st/stm32cubeide_1.11.2/stm32cubeide/plugins/com.st.stm32cube.ide.mcu.externaltools.gnu-tools-for-stm32.10.3-2021.10.win32_1.0.100.202210260954/tools/bin/../lib/gcc/arm-none-eabi/10.3.1/thumb/v7e-m+fp/hard/crtbegin.o
 .ARM.attributes
                0x0000000000000052       0x34 ./Core/Inc/ROS/time.o
 .ARM.attributes
                0x0000000000000086       0x34 ./Core/Src/main.o
 .ARM.attributes
                0x00000000000000ba       0x34 ./Core/Src/mainpp.o
 .ARM.attributes
                0x00000000000000ee       0x34 ./Core/Src/stm32f4xx_hal_msp.o
 .ARM.attributes
                0x0000000000000122       0x34 ./Core/Src/stm32f4xx_it.o
 .ARM.attributes
                0x0000000000000156       0x34 ./Core/Src/syscalls.o
 .ARM.attributes
                0x000000000000018a       0x34 ./Core/Src/sysmem.o
 .ARM.attributes
                0x00000000000001be       0x34 ./Core/Src/system_stm32f4xx.o
 .ARM.attributes
                0x00000000000001f2       0x21 ./Core/Startup/startup_stm32f407vgtx.o
 .ARM.attributes
                0x0000000000000213       0x34 ./Drivers/STM32F4xx_HAL_Driver/Src/stm32f4xx_hal.o
 .ARM.attributes
                0x0000000000000247       0x34 ./Drivers/STM32F4xx_HAL_Driver/Src/stm32f4xx_hal_cortex.o
 .ARM.attributes
                0x000000000000027b       0x34 ./Drivers/STM32F4xx_HAL_Driver/Src/stm32f4xx_hal_dma.o
 .ARM.attributes
                0x00000000000002af       0x34 ./Drivers/STM32F4xx_HAL_Driver/Src/stm32f4xx_hal_gpio.o
 .ARM.attributes
                0x00000000000002e3       0x34 ./Drivers/STM32F4xx_HAL_Driver/Src/stm32f4xx_hal_rcc.o
 .ARM.attributes
                0x0000000000000317       0x34 ./Drivers/STM32F4xx_HAL_Driver/Src/stm32f4xx_hal_tim.o
 .ARM.attributes
                0x000000000000034b       0x34 ./Drivers/STM32F4xx_HAL_Driver/Src/stm32f4xx_hal_tim_ex.o
 .ARM.attributes
                0x000000000000037f       0x34 ./Drivers/STM32F4xx_HAL_Driver/Src/stm32f4xx_hal_uart.o
 .ARM.attributes
                0x00000000000003b3       0x34 c:/st/stm32cubeide_1.11.2/stm32cubeide/plugins/com.st.stm32cube.ide.mcu.externaltools.gnu-tools-for-stm32.10.3-2021.10.win32_1.0.100.202210260954/tools/bin/../lib/gcc/arm-none-eabi/10.3.1/../../../../arm-none-eabi/lib/thumb/v7e-m+fp/hard\libstdc++_nano.a(pure.o)
 .ARM.attributes
                0x00000000000003e7       0x34 c:/st/stm32cubeide_1.11.2/stm32cubeide/plugins/com.st.stm32cube.ide.mcu.externaltools.gnu-tools-for-stm32.10.3-2021.10.win32_1.0.100.202210260954/tools/bin/../lib/gcc/arm-none-eabi/10.3.1/../../../../arm-none-eabi/lib/thumb/v7e-m+fp/hard\libstdc++_nano.a(eh_terminate.o)
 .ARM.attributes
                0x000000000000041b       0x34 c:/st/stm32cubeide_1.11.2/stm32cubeide/plugins/com.st.stm32cube.ide.mcu.externaltools.gnu-tools-for-stm32.10.3-2021.10.win32_1.0.100.202210260954/tools/bin/../lib/gcc/arm-none-eabi/10.3.1/../../../../arm-none-eabi/lib/thumb/v7e-m+fp/hard\libstdc++_nano.a(eh_term_handler.o)
 .ARM.attributes
                0x000000000000044f       0x34 c:/st/stm32cubeide_1.11.2/stm32cubeide/plugins/com.st.stm32cube.ide.mcu.externaltools.gnu-tools-for-stm32.10.3-2021.10.win32_1.0.100.202210260954/tools/bin/../lib/gcc/arm-none-eabi/10.3.1/../../../../arm-none-eabi/lib/thumb/v7e-m+fp/hard\libc_nano.a(lib_a-abort.o)
 .ARM.attributes
                0x0000000000000483       0x34 c:/st/stm32cubeide_1.11.2/stm32cubeide/plugins/com.st.stm32cube.ide.mcu.externaltools.gnu-tools-for-stm32.10.3-2021.10.win32_1.0.100.202210260954/tools/bin/../lib/gcc/arm-none-eabi/10.3.1/../../../../arm-none-eabi/lib/thumb/v7e-m+fp/hard\libc_nano.a(lib_a-errno.o)
 .ARM.attributes
                0x00000000000004b7       0x34 c:/st/stm32cubeide_1.11.2/stm32cubeide/plugins/com.st.stm32cube.ide.mcu.externaltools.gnu-tools-for-stm32.10.3-2021.10.win32_1.0.100.202210260954/tools/bin/../lib/gcc/arm-none-eabi/10.3.1/../../../../arm-none-eabi/lib/thumb/v7e-m+fp/hard\libc_nano.a(lib_a-impure.o)
 .ARM.attributes
                0x00000000000004eb       0x34 c:/st/stm32cubeide_1.11.2/stm32cubeide/plugins/com.st.stm32cube.ide.mcu.externaltools.gnu-tools-for-stm32.10.3-2021.10.win32_1.0.100.202210260954/tools/bin/../lib/gcc/arm-none-eabi/10.3.1/../../../../arm-none-eabi/lib/thumb/v7e-m+fp/hard\libc_nano.a(lib_a-init.o)
 .ARM.attributes
                0x000000000000051f       0x34 c:/st/stm32cubeide_1.11.2/stm32cubeide/plugins/com.st.stm32cube.ide.mcu.externaltools.gnu-tools-for-stm32.10.3-2021.10.win32_1.0.100.202210260954/tools/bin/../lib/gcc/arm-none-eabi/10.3.1/../../../../arm-none-eabi/lib/thumb/v7e-m+fp/hard\libc_nano.a(lib_a-memcpy-stub.o)
 .ARM.attributes
                0x0000000000000553       0x34 c:/st/stm32cubeide_1.11.2/stm32cubeide/plugins/com.st.stm32cube.ide.mcu.externaltools.gnu-tools-for-stm32.10.3-2021.10.win32_1.0.100.202210260954/tools/bin/../lib/gcc/arm-none-eabi/10.3.1/../../../../arm-none-eabi/lib/thumb/v7e-m+fp/hard\libc_nano.a(lib_a-memset.o)
 .ARM.attributes
                0x0000000000000587       0x34 c:/st/stm32cubeide_1.11.2/stm32cubeide/plugins/com.st.stm32cube.ide.mcu.externaltools.gnu-tools-for-stm32.10.3-2021.10.win32_1.0.100.202210260954/tools/bin/../lib/gcc/arm-none-eabi/10.3.1/../../../../arm-none-eabi/lib/thumb/v7e-m+fp/hard\libc_nano.a(lib_a-realloc.o)
 .ARM.attributes
                0x00000000000005bb       0x34 c:/st/stm32cubeide_1.11.2/stm32cubeide/plugins/com.st.stm32cube.ide.mcu.externaltools.gnu-tools-for-stm32.10.3-2021.10.win32_1.0.100.202210260954/tools/bin/../lib/gcc/arm-none-eabi/10.3.1/../../../../arm-none-eabi/lib/thumb/v7e-m+fp/hard\libc_nano.a(lib_a-signal.o)
 .ARM.attributes
                0x00000000000005ef       0x34 c:/st/stm32cubeide_1.11.2/stm32cubeide/plugins/com.st.stm32cube.ide.mcu.externaltools.gnu-tools-for-stm32.10.3-2021.10.win32_1.0.100.202210260954/tools/bin/../lib/gcc/arm-none-eabi/10.3.1/../../../../arm-none-eabi/lib/thumb/v7e-m+fp/hard\libc_nano.a(lib_a-signalr.o)
 .ARM.attributes
                0x0000000000000623       0x17 c:/st/stm32cubeide_1.11.2/stm32cubeide/plugins/com.st.stm32cube.ide.mcu.externaltools.gnu-tools-for-stm32.10.3-2021.10.win32_1.0.100.202210260954/tools/bin/../lib/gcc/arm-none-eabi/10.3.1/../../../../arm-none-eabi/lib/thumb/v7e-m+fp/hard\libc_nano.a(lib_a-strlen.o)
 .ARM.attributes
                0x000000000000063a       0x34 c:/st/stm32cubeide_1.11.2/stm32cubeide/plugins/com.st.stm32cube.ide.mcu.externaltools.gnu-tools-for-stm32.10.3-2021.10.win32_1.0.100.202210260954/tools/bin/../lib/gcc/arm-none-eabi/10.3.1/../../../../arm-none-eabi/lib/thumb/v7e-m+fp/hard\libc_nano.a(lib_a-nano-mallocr.o)
 .ARM.attributes
                0x000000000000066e       0x34 c:/st/stm32cubeide_1.11.2/stm32cubeide/plugins/com.st.stm32cube.ide.mcu.externaltools.gnu-tools-for-stm32.10.3-2021.10.win32_1.0.100.202210260954/tools/bin/../lib/gcc/arm-none-eabi/10.3.1/../../../../arm-none-eabi/lib/thumb/v7e-m+fp/hard\libc_nano.a(lib_a-nano-reallocr.o)
 .ARM.attributes
                0x00000000000006a2       0x34 c:/st/stm32cubeide_1.11.2/stm32cubeide/plugins/com.st.stm32cube.ide.mcu.externaltools.gnu-tools-for-stm32.10.3-2021.10.win32_1.0.100.202210260954/tools/bin/../lib/gcc/arm-none-eabi/10.3.1/../../../../arm-none-eabi/lib/thumb/v7e-m+fp/hard\libc_nano.a(lib_a-reent.o)
 .ARM.attributes
                0x00000000000006d6       0x34 c:/st/stm32cubeide_1.11.2/stm32cubeide/plugins/com.st.stm32cube.ide.mcu.externaltools.gnu-tools-for-stm32.10.3-2021.10.win32_1.0.100.202210260954/tools/bin/../lib/gcc/arm-none-eabi/10.3.1/../../../../arm-none-eabi/lib/thumb/v7e-m+fp/hard\libc_nano.a(lib_a-sbrkr.o)
 .ARM.attributes
                0x000000000000070a       0x34 c:/st/stm32cubeide_1.11.2/stm32cubeide/plugins/com.st.stm32cube.ide.mcu.externaltools.gnu-tools-for-stm32.10.3-2021.10.win32_1.0.100.202210260954/tools/bin/../lib/gcc/arm-none-eabi/10.3.1/../../../../arm-none-eabi/lib/thumb/v7e-m+fp/hard\libc_nano.a(lib_a-mlock.o)
 .ARM.attributes
                0x000000000000073e       0x34 c:/st/stm32cubeide_1.11.2/stm32cubeide/plugins/com.st.stm32cube.ide.mcu.externaltools.gnu-tools-for-stm32.10.3-2021.10.win32_1.0.100.202210260954/tools/bin/../lib/gcc/arm-none-eabi/10.3.1/../../../../arm-none-eabi/lib/thumb/v7e-m+fp/hard\libc_nano.a(lib_a-nano-freer.o)
 .ARM.attributes
                0x0000000000000772       0x34 c:/st/stm32cubeide_1.11.2/stm32cubeide/plugins/com.st.stm32cube.ide.mcu.externaltools.gnu-tools-for-stm32.10.3-2021.10.win32_1.0.100.202210260954/tools/bin/../lib/gcc/arm-none-eabi/10.3.1/../../../../arm-none-eabi/lib/thumb/v7e-m+fp/hard\libc_nano.a(lib_a-nano-msizer.o)
 .ARM.attributes
                0x00000000000007a6       0x34 c:/st/stm32cubeide_1.11.2/stm32cubeide/plugins/com.st.stm32cube.ide.mcu.externaltools.gnu-tools-for-stm32.10.3-2021.10.win32_1.0.100.202210260954/tools/bin/../lib/gcc/arm-none-eabi/10.3.1/../../../../arm-none-eabi/lib/thumb/v7e-m+fp/hard\libc_nano.a(lib_a-lock.o)
 .ARM.attributes
                0x00000000000007da       0x1e c:/st/stm32cubeide_1.11.2/stm32cubeide/plugins/com.st.stm32cube.ide.mcu.externaltools.gnu-tools-for-stm32.10.3-2021.10.win32_1.0.100.202210260954/tools/bin/../lib/gcc/arm-none-eabi/10.3.1/thumb/v7e-m+fp/hard\libgcc.a(_arm_addsubdf3.o)
 .ARM.attributes
                0x00000000000007f8       0x1e c:/st/stm32cubeide_1.11.2/stm32cubeide/plugins/com.st.stm32cube.ide.mcu.externaltools.gnu-tools-for-stm32.10.3-2021.10.win32_1.0.100.202210260954/tools/bin/../lib/gcc/arm-none-eabi/10.3.1/thumb/v7e-m+fp/hard\libgcc.a(_arm_muldivdf3.o)
 .ARM.attributes
                0x0000000000000816       0x1e c:/st/stm32cubeide_1.11.2/stm32cubeide/plugins/com.st.stm32cube.ide.mcu.externaltools.gnu-tools-for-stm32.10.3-2021.10.win32_1.0.100.202210260954/tools/bin/../lib/gcc/arm-none-eabi/10.3.1/thumb/v7e-m+fp/hard\libgcc.a(_arm_cmpdf2.o)
 .ARM.attributes