../Core/Src/main.cpp:75:5:int main()	8	static
../Core/Src/main.cpp:124:6:void SystemClock_Config()	88	static
../Core/Src/main.cpp:170:13:void MX_TIM1_Init()	56	static
../Core/Src/main.cpp:220:13:void MX_TIM2_Init()	48	static
../Core/Src/main.cpp:273:13:void MX_TIM3_Init()	56	static
../Core/Src/main.cpp:322:13:void MX_USART2_UART_Init()	8	static
../Core/Src/main.cpp:353:13:void MX_DMA_Init()	16	static
../Core/Src/main.cpp:374:13:void MX_GPIO_Init()	48	static
../Core/Src/main.cpp:404:6:void Error_Handler()	4	static,ignoring_inline_asm
